root@db4c43576df5:/modded-nanogpt# uv  run torchrun --standalone --nproc_per_node=1 train_gpt.py
[Gloo] Rank 0 is connected to 0 peer ranks. Expected number of connected peer ranks is : 0
Fetching 4 files: 100%|███████████████████████████████████████████████████████████████████████████████████████████████████████████████████| 4/4 [00:02<00:00,  1.90it/s]
Download complete: : 812MB [00:02, 429MB/s]                                                                                                                             logs/e504b0a7-96bd-469a-8d18-a35e8eb0d6a4.txt
Compiling model and warming up kernels (~7 minutes on first execution)
Sampling steps [0, 1, 478, 479, 480, 481, 958, 959, 960, 961, 1438, 1439, 1440, 1441] for warmup
Download complete: : 812MB [00:10, 81.2MB/s]

Resetting Model
step:0/1480 val_loss:10.8282 train_time:0ms step_avg:0.03ms
step:1/1480 train_time:317ms step_avg:317.42ms
step:2/1480 train_time:659ms step_avg:329.69ms
step:3/1480 train_time:1011ms step_avg:337.07ms
step:4/1480 train_time:1361ms step_avg:340.22ms
step:5/1480 train_time:1707ms step_avg:341.36ms
step:6/1480 train_time:2056ms step_avg:342.72ms
step:7/1480 train_time:2407ms step_avg:343.82ms
step:8/1480 train_time:2753ms step_avg:344.17ms
step:9/1480 train_time:3105ms step_avg:344.98ms
step:10/1480 train_time:3453ms step_avg:345.30ms
step:11/1480 train_time:3806ms step_avg:345.96ms
step:12/1480 train_time:4155ms step_avg:346.28ms
step:13/1480 train_time:4507ms step_avg:346.67ms
step:14/1480 train_time:4855ms step_avg:346.81ms
step:15/1480 train_time:5208ms step_avg:347.20ms
step:16/1480 train_time:5559ms step_avg:347.42ms
step:17/1480 train_time:5910ms step_avg:347.67ms
step:18/1480 train_time:6260ms step_avg:347.79ms
step:19/1480 train_time:6612ms step_avg:348.00ms
step:20/1480 train_time:6962ms step_avg:348.12ms
step:21/1480 train_time:7314ms step_avg:348.28ms
step:22/1480 train_time:7665ms step_avg:348.42ms
step:23/1480 train_time:8016ms step_avg:348.53ms
step:24/1480 train_time:8367ms step_avg:348.62ms
step:25/1480 train_time:8719ms step_avg:348.77ms
step:26/1480 train_time:9069ms step_avg:348.82ms
step:27/1480 train_time:9422ms step_avg:348.98ms
step:28/1480 train_time:9772ms step_avg:349.00ms
step:29/1480 train_time:10127ms step_avg:349.20ms
step:30/1480 train_time:10477ms step_avg:349.25ms
step:31/1480 train_time:10829ms step_avg:349.32ms
step:32/1480 train_time:11180ms step_avg:349.38ms
step:33/1480 train_time:11532ms step_avg:349.46ms
step:34/1480 train_time:11883ms step_avg:349.51ms
step:35/1480 train_time:12235ms step_avg:349.57ms
step:36/1480 train_time:12587ms step_avg:349.64ms
step:37/1480 train_time:12940ms step_avg:349.73ms
step:38/1480 train_time:13290ms step_avg:349.72ms
step:39/1480 train_time:13645ms step_avg:349.86ms
step:40/1480 train_time:13994ms step_avg:349.86ms
step:41/1480 train_time:14347ms step_avg:349.93ms
step:42/1480 train_time:14698ms step_avg:349.96ms
step:43/1480 train_time:15048ms step_avg:349.95ms
step:44/1480 train_time:15396ms step_avg:349.92ms
step:45/1480 train_time:15747ms step_avg:349.94ms
step:46/1480 train_time:16096ms step_avg:349.92ms
step:47/1480 train_time:16447ms step_avg:349.93ms
step:48/1480 train_time:16796ms step_avg:349.92ms
step:49/1480 train_time:17147ms step_avg:349.93ms
step:50/1480 train_time:17495ms step_avg:349.90ms
step:51/1480 train_time:17847ms step_avg:349.93ms
step:52/1480 train_time:18196ms step_avg:349.92ms
step:53/1480 train_time:18547ms step_avg:349.94ms
step:54/1480 train_time:18897ms step_avg:349.95ms
step:55/1480 train_time:19248ms step_avg:349.97ms
step:56/1480 train_time:19597ms step_avg:349.95ms
step:57/1480 train_time:19948ms step_avg:349.96ms
step:58/1480 train_time:20298ms step_avg:349.97ms
step:59/1480 train_time:20649ms step_avg:349.98ms
step:60/1480 train_time:20999ms step_avg:349.99ms
step:61/1480 train_time:21352ms step_avg:350.03ms
step:62/1480 train_time:21701ms step_avg:350.01ms
step:63/1480 train_time:22053ms step_avg:350.04ms
step:64/1480 train_time:22402ms step_avg:350.04ms
step:65/1480 train_time:22754ms step_avg:350.05ms
step:66/1480 train_time:23104ms step_avg:350.06ms
step:67/1480 train_time:23456ms step_avg:350.09ms
step:68/1480 train_time:23806ms step_avg:350.09ms
step:69/1480 train_time:24160ms step_avg:350.14ms
step:70/1480 train_time:24509ms step_avg:350.13ms
step:71/1480 train_time:24861ms step_avg:350.16ms
step:72/1480 train_time:25211ms step_avg:350.15ms
step:73/1480 train_time:25565ms step_avg:350.20ms
step:74/1480 train_time:25913ms step_avg:350.18ms
step:75/1480 train_time:26267ms step_avg:350.22ms
step:76/1480 train_time:26617ms step_avg:350.22ms
step:77/1480 train_time:26968ms step_avg:350.24ms
step:78/1480 train_time:27319ms step_avg:350.24ms
step:79/1480 train_time:27671ms step_avg:350.26ms
step:80/1480 train_time:28023ms step_avg:350.28ms
step:81/1480 train_time:28375ms step_avg:350.31ms
step:82/1480 train_time:28727ms step_avg:350.33ms
step:83/1480 train_time:29081ms step_avg:350.38ms
step:84/1480 train_time:29431ms step_avg:350.37ms
step:85/1480 train_time:29784ms step_avg:350.40ms
step:86/1480 train_time:30134ms step_avg:350.40ms
step:87/1480 train_time:30486ms step_avg:350.42ms
step:88/1480 train_time:30837ms step_avg:350.42ms
step:89/1480 train_time:31189ms step_avg:350.44ms
step:90/1480 train_time:31539ms step_avg:350.43ms
step:91/1480 train_time:31891ms step_avg:350.46ms
step:92/1480 train_time:32242ms step_avg:350.46ms
step:93/1480 train_time:32594ms step_avg:350.48ms
step:94/1480 train_time:32945ms step_avg:350.48ms
step:95/1480 train_time:33299ms step_avg:350.51ms
step:96/1480 train_time:33649ms step_avg:350.51ms
step:97/1480 train_time:34003ms step_avg:350.55ms
step:98/1480 train_time:34352ms step_avg:350.53ms
step:99/1480 train_time:34707ms step_avg:350.57ms
step:100/1480 train_time:35058ms step_avg:350.58ms
step:101/1480 train_time:35409ms step_avg:350.58ms
step:102/1480 train_time:35760ms step_avg:350.59ms
step:103/1480 train_time:36113ms step_avg:350.61ms
step:104/1480 train_time:36465ms step_avg:350.62ms
step:105/1480 train_time:36817ms step_avg:350.64ms
step:106/1480 train_time:37168ms step_avg:350.64ms
step:107/1480 train_time:37522ms step_avg:350.67ms
step:108/1480 train_time:37872ms step_avg:350.67ms
step:109/1480 train_time:38227ms step_avg:350.70ms
step:110/1480 train_time:38577ms step_avg:350.70ms
step:111/1480 train_time:38930ms step_avg:350.72ms
step:112/1480 train_time:39283ms step_avg:350.75ms
step:113/1480 train_time:39634ms step_avg:350.74ms
step:114/1480 train_time:39986ms step_avg:350.76ms
step:115/1480 train_time:40340ms step_avg:350.78ms
step:116/1480 train_time:40691ms step_avg:350.79ms
step:117/1480 train_time:41045ms step_avg:350.82ms
step:118/1480 train_time:41398ms step_avg:350.83ms
step:119/1480 train_time:41750ms step_avg:350.84ms
step:120/1480 train_time:42104ms step_avg:350.87ms
step:121/1480 train_time:42456ms step_avg:350.88ms
step:122/1480 train_time:42808ms step_avg:350.89ms
step:123/1480 train_time:43163ms step_avg:350.92ms
step:124/1480 train_time:43514ms step_avg:350.92ms
step:125/1480 train_time:43868ms step_avg:350.95ms
step:126/1480 train_time:44221ms step_avg:350.96ms
step:127/1480 train_time:44574ms step_avg:350.97ms
step:128/1480 train_time:44926ms step_avg:350.99ms
step:129/1480 train_time:45282ms step_avg:351.02ms
step:130/1480 train_time:45632ms step_avg:351.02ms
step:131/1480 train_time:45988ms step_avg:351.05ms
step:132/1480 train_time:46341ms step_avg:351.06ms
step:133/1480 train_time:46692ms step_avg:351.07ms
step:134/1480 train_time:47045ms step_avg:351.08ms
step:135/1480 train_time:47401ms step_avg:351.12ms
step:136/1480 train_time:47751ms step_avg:351.11ms
step:137/1480 train_time:48106ms step_avg:351.14ms
step:138/1480 train_time:48458ms step_avg:351.15ms
step:139/1480 train_time:48814ms step_avg:351.18ms
step:140/1480 train_time:49167ms step_avg:351.20ms
step:141/1480 train_time:49522ms step_avg:351.22ms
step:142/1480 train_time:49875ms step_avg:351.23ms
step:143/1480 train_time:50230ms step_avg:351.26ms
step:144/1480 train_time:50583ms step_avg:351.27ms
step:145/1480 train_time:50937ms step_avg:351.29ms
step:146/1480 train_time:51289ms step_avg:351.30ms
step:147/1480 train_time:51646ms step_avg:351.33ms
step:148/1480 train_time:51999ms step_avg:351.34ms
step:149/1480 train_time:52353ms step_avg:351.36ms
step:150/1480 train_time:52708ms step_avg:351.39ms
step:151/1480 train_time:53063ms step_avg:351.41ms
step:152/1480 train_time:53414ms step_avg:351.41ms
step:153/1480 train_time:53769ms step_avg:351.43ms
step:154/1480 train_time:54122ms step_avg:351.44ms
step:155/1480 train_time:54477ms step_avg:351.46ms
step:156/1480 train_time:54829ms step_avg:351.47ms
step:157/1480 train_time:55184ms step_avg:351.49ms
step:158/1480 train_time:55537ms step_avg:351.50ms
step:159/1480 train_time:55892ms step_avg:351.52ms
step:160/1480 train_time:56244ms step_avg:351.53ms
step:161/1480 train_time:56599ms step_avg:351.54ms
step:162/1480 train_time:56952ms step_avg:351.55ms
step:163/1480 train_time:57307ms step_avg:351.57ms
step:164/1480 train_time:57661ms step_avg:351.59ms
step:165/1480 train_time:58015ms step_avg:351.61ms
step:166/1480 train_time:58370ms step_avg:351.63ms
step:167/1480 train_time:58725ms step_avg:351.65ms
step:168/1480 train_time:59077ms step_avg:351.65ms
step:169/1480 train_time:59432ms step_avg:351.67ms
step:170/1480 train_time:59786ms step_avg:351.68ms
step:171/1480 train_time:60140ms step_avg:351.70ms
step:172/1480 train_time:60493ms step_avg:351.70ms
step:173/1480 train_time:60850ms step_avg:351.73ms
step:174/1480 train_time:61202ms step_avg:351.74ms
step:175/1480 train_time:61557ms step_avg:351.76ms
step:176/1480 train_time:61912ms step_avg:351.77ms
step:177/1480 train_time:62266ms step_avg:351.78ms
step:178/1480 train_time:62619ms step_avg:351.79ms
step:179/1480 train_time:62973ms step_avg:351.81ms
step:180/1480 train_time:63325ms step_avg:351.81ms
step:181/1480 train_time:63680ms step_avg:351.83ms
step:182/1480 train_time:64032ms step_avg:351.83ms
step:183/1480 train_time:64388ms step_avg:351.85ms
step:184/1480 train_time:64744ms step_avg:351.87ms
step:185/1480 train_time:65097ms step_avg:351.87ms
step:186/1480 train_time:65450ms step_avg:351.88ms
step:187/1480 train_time:65808ms step_avg:351.91ms
step:188/1480 train_time:66159ms step_avg:351.91ms
step:189/1480 train_time:66513ms step_avg:351.92ms
step:190/1480 train_time:66867ms step_avg:351.93ms
step:191/1480 train_time:67222ms step_avg:351.95ms
step:192/1480 train_time:67576ms step_avg:351.96ms
step:193/1480 train_time:67929ms step_avg:351.97ms
step:194/1480 train_time:68283ms step_avg:351.98ms
step:195/1480 train_time:68637ms step_avg:351.98ms
step:196/1480 train_time:68990ms step_avg:351.99ms
step:197/1480 train_time:69346ms step_avg:352.01ms
step:198/1480 train_time:69700ms step_avg:352.02ms
step:199/1480 train_time:70055ms step_avg:352.03ms
step:200/1480 train_time:70407ms step_avg:352.03ms
step:201/1480 train_time:70763ms step_avg:352.05ms
step:202/1480 train_time:71114ms step_avg:352.05ms
step:203/1480 train_time:71470ms step_avg:352.07ms
step:204/1480 train_time:71823ms step_avg:352.07ms
step:205/1480 train_time:72176ms step_avg:352.08ms
step:206/1480 train_time:72530ms step_avg:352.09ms
step:207/1480 train_time:72885ms step_avg:352.10ms
step:208/1480 train_time:73237ms step_avg:352.10ms
step:209/1480 train_time:73593ms step_avg:352.12ms
step:210/1480 train_time:73946ms step_avg:352.13ms
step:211/1480 train_time:74299ms step_avg:352.13ms
step:212/1480 train_time:74654ms step_avg:352.14ms
step:213/1480 train_time:75007ms step_avg:352.15ms
step:214/1480 train_time:75358ms step_avg:352.14ms
step:215/1480 train_time:75712ms step_avg:352.15ms
step:216/1480 train_time:76065ms step_avg:352.15ms
step:217/1480 train_time:76420ms step_avg:352.16ms
step:218/1480 train_time:76771ms step_avg:352.16ms
step:219/1480 train_time:77125ms step_avg:352.17ms
step:220/1480 train_time:77477ms step_avg:352.17ms
step:221/1480 train_time:77831ms step_avg:352.17ms
step:222/1480 train_time:78184ms step_avg:352.18ms
step:223/1480 train_time:78537ms step_avg:352.18ms
step:224/1480 train_time:78889ms step_avg:352.18ms
step:225/1480 train_time:79244ms step_avg:352.19ms
step:226/1480 train_time:79594ms step_avg:352.18ms
step:227/1480 train_time:79947ms step_avg:352.19ms
step:228/1480 train_time:80300ms step_avg:352.20ms
step:229/1480 train_time:80652ms step_avg:352.19ms
step:230/1480 train_time:81007ms step_avg:352.20ms
step:231/1480 train_time:81360ms step_avg:352.21ms
step:232/1480 train_time:81710ms step_avg:352.20ms
step:233/1480 train_time:82065ms step_avg:352.21ms
step:234/1480 train_time:82416ms step_avg:352.20ms
step:235/1480 train_time:82769ms step_avg:352.21ms
step:236/1480 train_time:83121ms step_avg:352.21ms
step:237/1480 train_time:83473ms step_avg:352.20ms
step:238/1480 train_time:83825ms step_avg:352.20ms
step:239/1480 train_time:84177ms step_avg:352.20ms
step:240/1480 train_time:84528ms step_avg:352.20ms
step:241/1480 train_time:84883ms step_avg:352.21ms
step:242/1480 train_time:85233ms step_avg:352.20ms
step:243/1480 train_time:85586ms step_avg:352.21ms
step:244/1480 train_time:85937ms step_avg:352.20ms
step:245/1480 train_time:86290ms step_avg:352.20ms
step:246/1480 train_time:86641ms step_avg:352.20ms
step:247/1480 train_time:86995ms step_avg:352.20ms
step:248/1480 train_time:87346ms step_avg:352.20ms
step:249/1480 train_time:87698ms step_avg:352.20ms
step:250/1480 train_time:88049ms step_avg:352.20ms
step:250/1480 val_loss:4.4922 train_time:88112ms step_avg:352.45ms
step:251/1480 train_time:88405ms step_avg:352.21ms
step:252/1480 train_time:88755ms step_avg:352.20ms
step:253/1480 train_time:89109ms step_avg:352.21ms
step:254/1480 train_time:89461ms step_avg:352.21ms
step:255/1480 train_time:89813ms step_avg:352.21ms
step:256/1480 train_time:90164ms step_avg:352.20ms
step:257/1480 train_time:90516ms step_avg:352.20ms
step:258/1480 train_time:90869ms step_avg:352.21ms
step:259/1480 train_time:91221ms step_avg:352.21ms
step:260/1480 train_time:91571ms step_avg:352.20ms
step:261/1480 train_time:91924ms step_avg:352.20ms
step:262/1480 train_time:92276ms step_avg:352.20ms
step:263/1480 train_time:92629ms step_avg:352.20ms
step:264/1480 train_time:92978ms step_avg:352.19ms
step:265/1480 train_time:93331ms step_avg:352.19ms
step:266/1480 train_time:93682ms step_avg:352.19ms
step:267/1480 train_time:94035ms step_avg:352.19ms
step:268/1480 train_time:94386ms step_avg:352.19ms
step:269/1480 train_time:94739ms step_avg:352.19ms
step:270/1480 train_time:95091ms step_avg:352.19ms
step:271/1480 train_time:95443ms step_avg:352.19ms
step:272/1480 train_time:95794ms step_avg:352.18ms
step:273/1480 train_time:96148ms step_avg:352.19ms
step:274/1480 train_time:96497ms step_avg:352.18ms
step:275/1480 train_time:96850ms step_avg:352.18ms
step:276/1480 train_time:97203ms step_avg:352.19ms
step:277/1480 train_time:97554ms step_avg:352.18ms
step:278/1480 train_time:97905ms step_avg:352.18ms
step:279/1480 train_time:98256ms step_avg:352.17ms
step:280/1480 train_time:98606ms step_avg:352.17ms
step:281/1480 train_time:98958ms step_avg:352.17ms
step:282/1480 train_time:99309ms step_avg:352.16ms
step:283/1480 train_time:99661ms step_avg:352.16ms
step:284/1480 train_time:100012ms step_avg:352.16ms
step:285/1480 train_time:100366ms step_avg:352.16ms
step:286/1480 train_time:100715ms step_avg:352.15ms
step:287/1480 train_time:101069ms step_avg:352.16ms
step:288/1480 train_time:101420ms step_avg:352.15ms
step:289/1480 train_time:101771ms step_avg:352.15ms
step:290/1480 train_time:102123ms step_avg:352.15ms
step:291/1480 train_time:102476ms step_avg:352.15ms
step:292/1480 train_time:102825ms step_avg:352.14ms
step:293/1480 train_time:103179ms step_avg:352.15ms
step:294/1480 train_time:103531ms step_avg:352.15ms
step:295/1480 train_time:103882ms step_avg:352.14ms
step:296/1480 train_time:104233ms step_avg:352.14ms
step:297/1480 train_time:104587ms step_avg:352.14ms
step:298/1480 train_time:104935ms step_avg:352.13ms
step:299/1480 train_time:105289ms step_avg:352.14ms
step:300/1480 train_time:105640ms step_avg:352.13ms
step:301/1480 train_time:105991ms step_avg:352.13ms
step:302/1480 train_time:106342ms step_avg:352.13ms
step:303/1480 train_time:106694ms step_avg:352.13ms
step:304/1480 train_time:107043ms step_avg:352.12ms
step:305/1480 train_time:107396ms step_avg:352.12ms
step:306/1480 train_time:107747ms step_avg:352.11ms
step:307/1480 train_time:108098ms step_avg:352.11ms
step:308/1480 train_time:108448ms step_avg:352.11ms
step:309/1480 train_time:108801ms step_avg:352.11ms
step:310/1480 train_time:109152ms step_avg:352.10ms
step:311/1480 train_time:109504ms step_avg:352.10ms
step:312/1480 train_time:109852ms step_avg:352.09ms
step:313/1480 train_time:110205ms step_avg:352.09ms
step:314/1480 train_time:110554ms step_avg:352.08ms
step:315/1480 train_time:110908ms step_avg:352.09ms
step:316/1480 train_time:111257ms step_avg:352.08ms
step:317/1480 train_time:111610ms step_avg:352.08ms
step:318/1480 train_time:111960ms step_avg:352.08ms
step:319/1480 train_time:112312ms step_avg:352.07ms
step:320/1480 train_time:112663ms step_avg:352.07ms
step:321/1480 train_time:113014ms step_avg:352.07ms
step:322/1480 train_time:113366ms step_avg:352.07ms
step:323/1480 train_time:113717ms step_avg:352.06ms
step:324/1480 train_time:114067ms step_avg:352.06ms
step:325/1480 train_time:114419ms step_avg:352.06ms
step:326/1480 train_time:114770ms step_avg:352.05ms
step:327/1480 train_time:115121ms step_avg:352.05ms
step:328/1480 train_time:115472ms step_avg:352.05ms
step:329/1480 train_time:115825ms step_avg:352.05ms
step:330/1480 train_time:116174ms step_avg:352.04ms
step:331/1480 train_time:116525ms step_avg:352.04ms
step:332/1480 train_time:116876ms step_avg:352.04ms
step:333/1480 train_time:117228ms step_avg:352.04ms
step:334/1480 train_time:117577ms step_avg:352.03ms
step:335/1480 train_time:117930ms step_avg:352.03ms
step:336/1480 train_time:118280ms step_avg:352.02ms
step:337/1480 train_time:118631ms step_avg:352.02ms
step:338/1480 train_time:118982ms step_avg:352.02ms
step:339/1480 train_time:119333ms step_avg:352.01ms
step:340/1480 train_time:119683ms step_avg:352.01ms
step:341/1480 train_time:120036ms step_avg:352.01ms
step:342/1480 train_time:120386ms step_avg:352.01ms
step:343/1480 train_time:120737ms step_avg:352.00ms
step:344/1480 train_time:121089ms step_avg:352.00ms
step:345/1480 train_time:121439ms step_avg:352.00ms
step:346/1480 train_time:121789ms step_avg:351.99ms
step:347/1480 train_time:122142ms step_avg:351.99ms
step:348/1480 train_time:122491ms step_avg:351.99ms
step:349/1480 train_time:122842ms step_avg:351.98ms
step:350/1480 train_time:123193ms step_avg:351.98ms
step:351/1480 train_time:123545ms step_avg:351.98ms
step:352/1480 train_time:123895ms step_avg:351.97ms
step:353/1480 train_time:124247ms step_avg:351.98ms
step:354/1480 train_time:124597ms step_avg:351.97ms
step:355/1480 train_time:124948ms step_avg:351.97ms
step:356/1480 train_time:125298ms step_avg:351.96ms
step:357/1480 train_time:125650ms step_avg:351.96ms
step:358/1480 train_time:125999ms step_avg:351.95ms
step:359/1480 train_time:126351ms step_avg:351.95ms
step:360/1480 train_time:126703ms step_avg:351.95ms
step:361/1480 train_time:127053ms step_avg:351.95ms
step:362/1480 train_time:127404ms step_avg:351.94ms
step:363/1480 train_time:127755ms step_avg:351.94ms
step:364/1480 train_time:128105ms step_avg:351.94ms
step:365/1480 train_time:128455ms step_avg:351.93ms
step:366/1480 train_time:128805ms step_avg:351.93ms
step:367/1480 train_time:129156ms step_avg:351.92ms
step:368/1480 train_time:129506ms step_avg:351.92ms
step:369/1480 train_time:129857ms step_avg:351.92ms
step:370/1480 train_time:130209ms step_avg:351.92ms
step:371/1480 train_time:130561ms step_avg:351.92ms
step:372/1480 train_time:130909ms step_avg:351.91ms
step:373/1480 train_time:131261ms step_avg:351.91ms
step:374/1480 train_time:131610ms step_avg:351.90ms
step:375/1480 train_time:131963ms step_avg:351.90ms
step:376/1480 train_time:132311ms step_avg:351.89ms
step:377/1480 train_time:132664ms step_avg:351.89ms
step:378/1480 train_time:133012ms step_avg:351.88ms
step:379/1480 train_time:133365ms step_avg:351.89ms
step:380/1480 train_time:133714ms step_avg:351.88ms
step:381/1480 train_time:134066ms step_avg:351.88ms
step:382/1480 train_time:134415ms step_avg:351.87ms
step:383/1480 train_time:134768ms step_avg:351.88ms
step:384/1480 train_time:135117ms step_avg:351.87ms
step:385/1480 train_time:135470ms step_avg:351.87ms
step:386/1480 train_time:135818ms step_avg:351.86ms
step:387/1480 train_time:136170ms step_avg:351.86ms
step:388/1480 train_time:136519ms step_avg:351.85ms
step:389/1480 train_time:136870ms step_avg:351.85ms
step:390/1480 train_time:137222ms step_avg:351.85ms
step:391/1480 train_time:137573ms step_avg:351.85ms
step:392/1480 train_time:137923ms step_avg:351.84ms
step:393/1480 train_time:138274ms step_avg:351.84ms
step:394/1480 train_time:138624ms step_avg:351.84ms
step:395/1480 train_time:138974ms step_avg:351.83ms
step:396/1480 train_time:139325ms step_avg:351.83ms
step:397/1480 train_time:139675ms step_avg:351.83ms
step:398/1480 train_time:140025ms step_avg:351.82ms
step:399/1480 train_time:140377ms step_avg:351.82ms
step:400/1480 train_time:140726ms step_avg:351.82ms
step:401/1480 train_time:141077ms step_avg:351.81ms
step:402/1480 train_time:141427ms step_avg:351.81ms
step:403/1480 train_time:141778ms step_avg:351.81ms
step:404/1480 train_time:142127ms step_avg:351.80ms
step:405/1480 train_time:142479ms step_avg:351.80ms
step:406/1480 train_time:142829ms step_avg:351.80ms
step:407/1480 train_time:143178ms step_avg:351.79ms
step:408/1480 train_time:143529ms step_avg:351.79ms
step:409/1480 train_time:143880ms step_avg:351.78ms
step:410/1480 train_time:144231ms step_avg:351.78ms
step:411/1480 train_time:144580ms step_avg:351.78ms
step:412/1480 train_time:144931ms step_avg:351.77ms
step:413/1480 train_time:145283ms step_avg:351.77ms
step:414/1480 train_time:145631ms step_avg:351.77ms
step:415/1480 train_time:145985ms step_avg:351.77ms
step:416/1480 train_time:146332ms step_avg:351.76ms
step:417/1480 train_time:146683ms step_avg:351.76ms
step:418/1480 train_time:147033ms step_avg:351.75ms
step:419/1480 train_time:147384ms step_avg:351.75ms
step:420/1480 train_time:147733ms step_avg:351.75ms
step:421/1480 train_time:148086ms step_avg:351.75ms
step:422/1480 train_time:148434ms step_avg:351.74ms
step:423/1480 train_time:148785ms step_avg:351.74ms
step:424/1480 train_time:149134ms step_avg:351.73ms
step:425/1480 train_time:149486ms step_avg:351.73ms
step:426/1480 train_time:149835ms step_avg:351.72ms
step:427/1480 train_time:150187ms step_avg:351.73ms
step:428/1480 train_time:150537ms step_avg:351.72ms
step:429/1480 train_time:150889ms step_avg:351.72ms
step:430/1480 train_time:151238ms step_avg:351.72ms
step:431/1480 train_time:151590ms step_avg:351.72ms
step:432/1480 train_time:151938ms step_avg:351.71ms
step:433/1480 train_time:152290ms step_avg:351.71ms
step:434/1480 train_time:152640ms step_avg:351.70ms
step:435/1480 train_time:152991ms step_avg:351.70ms
step:436/1480 train_time:153340ms step_avg:351.70ms
step:437/1480 train_time:153692ms step_avg:351.70ms
step:438/1480 train_time:154041ms step_avg:351.69ms
step:439/1480 train_time:154393ms step_avg:351.69ms
step:440/1480 train_time:154741ms step_avg:351.68ms
step:441/1480 train_time:155092ms step_avg:351.68ms
step:442/1480 train_time:155443ms step_avg:351.68ms
step:443/1480 train_time:155793ms step_avg:351.68ms
step:444/1480 train_time:156143ms step_avg:351.67ms
step:445/1480 train_time:156494ms step_avg:351.67ms
step:446/1480 train_time:156844ms step_avg:351.67ms
step:447/1480 train_time:157195ms step_avg:351.67ms
step:448/1480 train_time:157545ms step_avg:351.66ms
step:449/1480 train_time:157895ms step_avg:351.66ms
step:450/1480 train_time:158245ms step_avg:351.66ms
step:451/1480 train_time:158595ms step_avg:351.65ms
step:452/1480 train_time:158944ms step_avg:351.65ms
step:453/1480 train_time:159296ms step_avg:351.65ms
step:454/1480 train_time:159646ms step_avg:351.64ms
step:455/1480 train_time:159995ms step_avg:351.64ms
step:456/1480 train_time:160345ms step_avg:351.63ms
step:457/1480 train_time:160696ms step_avg:351.63ms
step:458/1480 train_time:161044ms step_avg:351.63ms
step:459/1480 train_time:161396ms step_avg:351.63ms
step:460/1480 train_time:161746ms step_avg:351.62ms
step:461/1480 train_time:162096ms step_avg:351.62ms
step:462/1480 train_time:162444ms step_avg:351.61ms
step:463/1480 train_time:162796ms step_avg:351.61ms
step:464/1480 train_time:163144ms step_avg:351.60ms
step:465/1480 train_time:163494ms step_avg:351.60ms
step:466/1480 train_time:163846ms step_avg:351.60ms
step:467/1480 train_time:164196ms step_avg:351.60ms
step:468/1480 train_time:164544ms step_avg:351.59ms
step:469/1480 train_time:164896ms step_avg:351.59ms
step:470/1480 train_time:165245ms step_avg:351.59ms
step:471/1480 train_time:165595ms step_avg:351.58ms
step:472/1480 train_time:165946ms step_avg:351.58ms
step:473/1480 train_time:166296ms step_avg:351.58ms
step:474/1480 train_time:166646ms step_avg:351.57ms
step:475/1480 train_time:166997ms step_avg:351.57ms
step:476/1480 train_time:167346ms step_avg:351.57ms
step:477/1480 train_time:167696ms step_avg:351.56ms
step:478/1480 train_time:168047ms step_avg:351.56ms
step:479/1480 train_time:168397ms step_avg:351.56ms
step:480/1480 train_time:168747ms step_avg:351.56ms
step:481/1480 train_time:169363ms step_avg:352.11ms
step:482/1480 train_time:170018ms step_avg:352.73ms
step:483/1480 train_time:170672ms step_avg:353.36ms
step:484/1480 train_time:171325ms step_avg:353.98ms
step:485/1480 train_time:171979ms step_avg:354.60ms
step:486/1480 train_time:172632ms step_avg:355.21ms
step:487/1480 train_time:173284ms step_avg:355.82ms
step:488/1480 train_time:173937ms step_avg:356.43ms
step:489/1480 train_time:174594ms step_avg:357.04ms
step:490/1480 train_time:175245ms step_avg:357.64ms
step:491/1480 train_time:175899ms step_avg:358.25ms
step:492/1480 train_time:176553ms step_avg:358.85ms
step:493/1480 train_time:177203ms step_avg:359.44ms
step:494/1480 train_time:177856ms step_avg:360.03ms
step:495/1480 train_time:178506ms step_avg:360.62ms
step:496/1480 train_time:179159ms step_avg:361.21ms
step:497/1480 train_time:179815ms step_avg:361.80ms
step:498/1480 train_time:180467ms step_avg:362.38ms
step:499/1480 train_time:181118ms step_avg:362.96ms
step:500/1480 train_time:181773ms step_avg:363.55ms
step:500/1480 val_loss:4.2047 train_time:181878ms step_avg:363.76ms
step:501/1480 train_time:182428ms step_avg:364.13ms
step:502/1480 train_time:183080ms step_avg:364.70ms
step:503/1480 train_time:183733ms step_avg:365.27ms
step:504/1480 train_time:184387ms step_avg:365.85ms
step:505/1480 train_time:185039ms step_avg:366.41ms
step:506/1480 train_time:185692ms step_avg:366.98ms
step:507/1480 train_time:186348ms step_avg:367.55ms
step:508/1480 train_time:187000ms step_avg:368.11ms
step:509/1480 train_time:187653ms step_avg:368.67ms
step:510/1480 train_time:188308ms step_avg:369.23ms
step:511/1480 train_time:188964ms step_avg:369.79ms
step:512/1480 train_time:189616ms step_avg:370.34ms
step:513/1480 train_time:190268ms step_avg:370.89ms
step:514/1480 train_time:190922ms step_avg:371.44ms
step:515/1480 train_time:191576ms step_avg:371.99ms
step:516/1480 train_time:192228ms step_avg:372.53ms
step:517/1480 train_time:192885ms step_avg:373.08ms
step:518/1480 train_time:193536ms step_avg:373.62ms
step:519/1480 train_time:194187ms step_avg:374.16ms
step:520/1480 train_time:194839ms step_avg:374.69ms
step:521/1480 train_time:195494ms step_avg:375.23ms
step:522/1480 train_time:196146ms step_avg:375.76ms
step:523/1480 train_time:196802ms step_avg:376.29ms
step:524/1480 train_time:197455ms step_avg:376.82ms
step:525/1480 train_time:198107ms step_avg:377.35ms
step:526/1480 train_time:198762ms step_avg:377.87ms
step:527/1480 train_time:199417ms step_avg:378.40ms
step:528/1480 train_time:200069ms step_avg:378.92ms
step:529/1480 train_time:200724ms step_avg:379.44ms
step:530/1480 train_time:201376ms step_avg:379.95ms
step:531/1480 train_time:202028ms step_avg:380.47ms
step:532/1480 train_time:202680ms step_avg:380.98ms
step:533/1480 train_time:203333ms step_avg:381.49ms
step:534/1480 train_time:203987ms step_avg:382.00ms
step:535/1480 train_time:204632ms step_avg:382.49ms
step:536/1480 train_time:205285ms step_avg:382.99ms
step:537/1480 train_time:205936ms step_avg:383.49ms
step:538/1480 train_time:206588ms step_avg:383.99ms
step:539/1480 train_time:207239ms step_avg:384.49ms
step:540/1480 train_time:207891ms step_avg:384.98ms
step:541/1480 train_time:208545ms step_avg:385.48ms
step:542/1480 train_time:209197ms step_avg:385.97ms
step:543/1480 train_time:209848ms step_avg:386.46ms
step:544/1480 train_time:210499ms step_avg:386.95ms
step:545/1480 train_time:211152ms step_avg:387.44ms
step:546/1480 train_time:211806ms step_avg:387.92ms
step:547/1480 train_time:212461ms step_avg:388.41ms
step:548/1480 train_time:213114ms step_avg:388.89ms
step:549/1480 train_time:213768ms step_avg:389.38ms
step:550/1480 train_time:214417ms step_avg:389.85ms
step:551/1480 train_time:215071ms step_avg:390.33ms
step:552/1480 train_time:215722ms step_avg:390.80ms
step:553/1480 train_time:216375ms step_avg:391.28ms
step:554/1480 train_time:217027ms step_avg:391.75ms
step:555/1480 train_time:217683ms step_avg:392.22ms
step:556/1480 train_time:218337ms step_avg:392.69ms
step:557/1480 train_time:218988ms step_avg:393.16ms
step:558/1480 train_time:219641ms step_avg:393.62ms
step:559/1480 train_time:220295ms step_avg:394.09ms
step:560/1480 train_time:220945ms step_avg:394.54ms
step:561/1480 train_time:221599ms step_avg:395.01ms
step:562/1480 train_time:222251ms step_avg:395.46ms
step:563/1480 train_time:222904ms step_avg:395.92ms
step:564/1480 train_time:223555ms step_avg:396.37ms
step:565/1480 train_time:224208ms step_avg:396.83ms
step:566/1480 train_time:224862ms step_avg:397.28ms
step:567/1480 train_time:225515ms step_avg:397.73ms
step:568/1480 train_time:226168ms step_avg:398.18ms
step:569/1480 train_time:226825ms step_avg:398.64ms
step:570/1480 train_time:227476ms step_avg:399.08ms
step:571/1480 train_time:228128ms step_avg:399.52ms
step:572/1480 train_time:228782ms step_avg:399.97ms
step:573/1480 train_time:229434ms step_avg:400.41ms
step:574/1480 train_time:230088ms step_avg:400.85ms
step:575/1480 train_time:230742ms step_avg:401.29ms
step:576/1480 train_time:231394ms step_avg:401.73ms
step:577/1480 train_time:232046ms step_avg:402.16ms
step:578/1480 train_time:232696ms step_avg:402.59ms
step:579/1480 train_time:233347ms step_avg:403.02ms
step:580/1480 train_time:233995ms step_avg:403.44ms
step:581/1480 train_time:234649ms step_avg:403.87ms
step:582/1480 train_time:235296ms step_avg:404.29ms
step:583/1480 train_time:235949ms step_avg:404.71ms
step:584/1480 train_time:236600ms step_avg:405.14ms
step:585/1480 train_time:237252ms step_avg:405.56ms
step:586/1480 train_time:237904ms step_avg:405.98ms
step:587/1480 train_time:238556ms step_avg:406.40ms
step:588/1480 train_time:239206ms step_avg:406.81ms
step:589/1480 train_time:239859ms step_avg:407.23ms
step:590/1480 train_time:240510ms step_avg:407.64ms
step:591/1480 train_time:241164ms step_avg:408.06ms
step:592/1480 train_time:241815ms step_avg:408.47ms
step:593/1480 train_time:242468ms step_avg:408.88ms
step:594/1480 train_time:243116ms step_avg:409.29ms
step:595/1480 train_time:243769ms step_avg:409.70ms
step:596/1480 train_time:244419ms step_avg:410.10ms
step:597/1480 train_time:245071ms step_avg:410.50ms
step:598/1480 train_time:245720ms step_avg:410.90ms
step:599/1480 train_time:246373ms step_avg:411.31ms
step:600/1480 train_time:247024ms step_avg:411.71ms
step:601/1480 train_time:247675ms step_avg:412.11ms
step:602/1480 train_time:248326ms step_avg:412.50ms
step:603/1480 train_time:248982ms step_avg:412.91ms
step:604/1480 train_time:249633ms step_avg:413.30ms
step:605/1480 train_time:250288ms step_avg:413.70ms
step:606/1480 train_time:250936ms step_avg:414.09ms
step:607/1480 train_time:251590ms step_avg:414.48ms
step:608/1480 train_time:252237ms step_avg:414.86ms
step:609/1480 train_time:252889ms step_avg:415.25ms
step:610/1480 train_time:253541ms step_avg:415.64ms
step:611/1480 train_time:254195ms step_avg:416.03ms
step:612/1480 train_time:254846ms step_avg:416.42ms
step:613/1480 train_time:255503ms step_avg:416.81ms
step:614/1480 train_time:256156ms step_avg:417.19ms
step:615/1480 train_time:256808ms step_avg:417.57ms
step:616/1480 train_time:257458ms step_avg:417.95ms
step:617/1480 train_time:258108ms step_avg:418.33ms
step:618/1480 train_time:258755ms step_avg:418.70ms
step:619/1480 train_time:259407ms step_avg:419.07ms
step:620/1480 train_time:260057ms step_avg:419.45ms
step:621/1480 train_time:260708ms step_avg:419.82ms
step:622/1480 train_time:261357ms step_avg:420.19ms
step:623/1480 train_time:262009ms step_avg:420.56ms
step:624/1480 train_time:262659ms step_avg:420.93ms
step:625/1480 train_time:263311ms step_avg:421.30ms
step:626/1480 train_time:263964ms step_avg:421.67ms
step:627/1480 train_time:264615ms step_avg:422.03ms
step:628/1480 train_time:265266ms step_avg:422.40ms
step:629/1480 train_time:265921ms step_avg:422.77ms
step:630/1480 train_time:266573ms step_avg:423.13ms
step:631/1480 train_time:267226ms step_avg:423.50ms
step:632/1480 train_time:267875ms step_avg:423.85ms
step:633/1480 train_time:268528ms step_avg:424.21ms
step:634/1480 train_time:269178ms step_avg:424.57ms
step:635/1480 train_time:269828ms step_avg:424.93ms
step:636/1480 train_time:270477ms step_avg:425.28ms
step:637/1480 train_time:271128ms step_avg:425.63ms
step:638/1480 train_time:271776ms step_avg:425.98ms
step:639/1480 train_time:272427ms step_avg:426.33ms
step:640/1480 train_time:273076ms step_avg:426.68ms
step:641/1480 train_time:273728ms step_avg:427.03ms
step:642/1480 train_time:274377ms step_avg:427.38ms
step:643/1480 train_time:275028ms step_avg:427.73ms
step:644/1480 train_time:275675ms step_avg:428.07ms
step:645/1480 train_time:276329ms step_avg:428.42ms
step:646/1480 train_time:276978ms step_avg:428.76ms
step:647/1480 train_time:277629ms step_avg:429.10ms
step:648/1480 train_time:278278ms step_avg:429.44ms
step:649/1480 train_time:278929ms step_avg:429.78ms
step:650/1480 train_time:279578ms step_avg:430.12ms
step:651/1480 train_time:280228ms step_avg:430.46ms
step:652/1480 train_time:280876ms step_avg:430.79ms
step:653/1480 train_time:281528ms step_avg:431.13ms
step:654/1480 train_time:282176ms step_avg:431.46ms
step:655/1480 train_time:282828ms step_avg:431.80ms
step:656/1480 train_time:283475ms step_avg:432.13ms
step:657/1480 train_time:284129ms step_avg:432.46ms
step:658/1480 train_time:284776ms step_avg:432.79ms
step:659/1480 train_time:285428ms step_avg:433.12ms
step:660/1480 train_time:286076ms step_avg:433.45ms
step:661/1480 train_time:286729ms step_avg:433.78ms
step:662/1480 train_time:287379ms step_avg:434.11ms
step:663/1480 train_time:288029ms step_avg:434.43ms
step:664/1480 train_time:288676ms step_avg:434.75ms
step:665/1480 train_time:289327ms step_avg:435.08ms
step:666/1480 train_time:289976ms step_avg:435.40ms
step:667/1480 train_time:290628ms step_avg:435.72ms
step:668/1480 train_time:291277ms step_avg:436.04ms
step:669/1480 train_time:291928ms step_avg:436.36ms
step:670/1480 train_time:292576ms step_avg:436.68ms
step:671/1480 train_time:293227ms step_avg:437.00ms
step:672/1480 train_time:293877ms step_avg:437.32ms
step:673/1480 train_time:294528ms step_avg:437.63ms
step:674/1480 train_time:295176ms step_avg:437.95ms
step:675/1480 train_time:295828ms step_avg:438.26ms
step:676/1480 train_time:296477ms step_avg:438.57ms
step:677/1480 train_time:297129ms step_avg:438.89ms
step:678/1480 train_time:297778ms step_avg:439.20ms
step:679/1480 train_time:298429ms step_avg:439.51ms
step:680/1480 train_time:299076ms step_avg:439.82ms
step:681/1480 train_time:299727ms step_avg:440.13ms
step:682/1480 train_time:300376ms step_avg:440.43ms
step:683/1480 train_time:301026ms step_avg:440.74ms
step:684/1480 train_time:301676ms step_avg:441.05ms
step:685/1480 train_time:302328ms step_avg:441.35ms
step:686/1480 train_time:302977ms step_avg:441.66ms
step:687/1480 train_time:303628ms step_avg:441.96ms
step:688/1480 train_time:304278ms step_avg:442.26ms
step:689/1480 train_time:304929ms step_avg:442.57ms
step:690/1480 train_time:305576ms step_avg:442.86ms
step:691/1480 train_time:306228ms step_avg:443.17ms
step:692/1480 train_time:306876ms step_avg:443.46ms
step:693/1480 train_time:307528ms step_avg:443.76ms
step:694/1480 train_time:308176ms step_avg:444.06ms
step:695/1480 train_time:308828ms step_avg:444.36ms
step:696/1480 train_time:309477ms step_avg:444.65ms
step:697/1480 train_time:310128ms step_avg:444.95ms
step:698/1480 train_time:310776ms step_avg:445.24ms
step:699/1480 train_time:311428ms step_avg:445.53ms
step:700/1480 train_time:312076ms step_avg:445.82ms
step:701/1480 train_time:312728ms step_avg:446.12ms
step:702/1480 train_time:313378ms step_avg:446.41ms
step:703/1480 train_time:314029ms step_avg:446.70ms
step:704/1480 train_time:314676ms step_avg:446.98ms
step:705/1480 train_time:315328ms step_avg:447.27ms
step:706/1480 train_time:315976ms step_avg:447.56ms
step:707/1480 train_time:316629ms step_avg:447.85ms
step:708/1480 train_time:317276ms step_avg:448.13ms
step:709/1480 train_time:317928ms step_avg:448.42ms
step:710/1480 train_time:318576ms step_avg:448.70ms
step:711/1480 train_time:319229ms step_avg:448.99ms
step:712/1480 train_time:319876ms step_avg:449.26ms
step:713/1480 train_time:320529ms step_avg:449.55ms
step:714/1480 train_time:321177ms step_avg:449.83ms
step:715/1480 train_time:321829ms step_avg:450.11ms
step:716/1480 train_time:322477ms step_avg:450.39ms
step:717/1480 train_time:323129ms step_avg:450.67ms
step:718/1480 train_time:323777ms step_avg:450.94ms
step:719/1480 train_time:324429ms step_avg:451.22ms
step:720/1480 train_time:325077ms step_avg:451.50ms
step:721/1480 train_time:325729ms step_avg:451.77ms
step:722/1480 train_time:326376ms step_avg:452.04ms
step:723/1480 train_time:327028ms step_avg:452.32ms
step:724/1480 train_time:327677ms step_avg:452.59ms
step:725/1480 train_time:328329ms step_avg:452.87ms
step:726/1480 train_time:328977ms step_avg:453.14ms
step:727/1480 train_time:329629ms step_avg:453.41ms
step:728/1480 train_time:330276ms step_avg:453.68ms
step:729/1480 train_time:330928ms step_avg:453.95ms
step:730/1480 train_time:331576ms step_avg:454.21ms
step:731/1480 train_time:332228ms step_avg:454.48ms
step:732/1480 train_time:332876ms step_avg:454.75ms
step:733/1480 train_time:333529ms step_avg:455.02ms
step:734/1480 train_time:334178ms step_avg:455.28ms
step:735/1480 train_time:334828ms step_avg:455.55ms
step:736/1480 train_time:335476ms step_avg:455.81ms
step:737/1480 train_time:336128ms step_avg:456.08ms
step:738/1480 train_time:336776ms step_avg:456.34ms
step:739/1480 train_time:337428ms step_avg:456.60ms
step:740/1480 train_time:338076ms step_avg:456.86ms
step:741/1480 train_time:338729ms step_avg:457.12ms
step:742/1480 train_time:339378ms step_avg:457.38ms
step:743/1480 train_time:340028ms step_avg:457.64ms
step:744/1480 train_time:340677ms step_avg:457.90ms
step:745/1480 train_time:341329ms step_avg:458.16ms
step:746/1480 train_time:341976ms step_avg:458.41ms
step:747/1480 train_time:342628ms step_avg:458.67ms
step:748/1480 train_time:343274ms step_avg:458.92ms
step:749/1480 train_time:343927ms step_avg:459.18ms
step:750/1480 train_time:344577ms step_avg:459.44ms
step:750/1480 val_loss:3.7978 train_time:344681ms step_avg:459.57ms
step:751/1480 train_time:345229ms step_avg:459.69ms
step:752/1480 train_time:345881ms step_avg:459.95ms
step:753/1480 train_time:346531ms step_avg:460.20ms
step:754/1480 train_time:347180ms step_avg:460.45ms
step:755/1480 train_time:347831ms step_avg:460.70ms
step:756/1480 train_time:348480ms step_avg:460.95ms
step:757/1480 train_time:349132ms step_avg:461.20ms
step:758/1480 train_time:349780ms step_avg:461.45ms
step:759/1480 train_time:350433ms step_avg:461.70ms
step:760/1480 train_time:351081ms step_avg:461.95ms
step:761/1480 train_time:351731ms step_avg:462.20ms
step:762/1480 train_time:352380ms step_avg:462.44ms
step:763/1480 train_time:353032ms step_avg:462.69ms
step:764/1480 train_time:353680ms step_avg:462.93ms
step:765/1480 train_time:354332ms step_avg:463.18ms
step:766/1480 train_time:354979ms step_avg:463.42ms
step:767/1480 train_time:355632ms step_avg:463.67ms
step:768/1480 train_time:356280ms step_avg:463.91ms
step:769/1480 train_time:356929ms step_avg:464.15ms
step:770/1480 train_time:357580ms step_avg:464.39ms
step:771/1480 train_time:358232ms step_avg:464.63ms
step:772/1480 train_time:358880ms step_avg:464.87ms
step:773/1480 train_time:359531ms step_avg:465.11ms
step:774/1480 train_time:360179ms step_avg:465.35ms
step:775/1480 train_time:360829ms step_avg:465.59ms
step:776/1480 train_time:361479ms step_avg:465.82ms
step:777/1480 train_time:362132ms step_avg:466.06ms
step:778/1480 train_time:362780ms step_avg:466.30ms
step:779/1480 train_time:363432ms step_avg:466.54ms
step:780/1480 train_time:364080ms step_avg:466.77ms
step:781/1480 train_time:364732ms step_avg:467.01ms
step:782/1480 train_time:365380ms step_avg:467.24ms
step:783/1480 train_time:366032ms step_avg:467.47ms
step:784/1480 train_time:366679ms step_avg:467.70ms
step:785/1480 train_time:367332ms step_avg:467.94ms
step:786/1480 train_time:367979ms step_avg:468.17ms
step:787/1480 train_time:368632ms step_avg:468.40ms
step:788/1480 train_time:369280ms step_avg:468.63ms
step:789/1480 train_time:369932ms step_avg:468.86ms
step:790/1480 train_time:370580ms step_avg:469.09ms
step:791/1480 train_time:371232ms step_avg:469.32ms
step:792/1480 train_time:371880ms step_avg:469.55ms
step:793/1480 train_time:372532ms step_avg:469.78ms
step:794/1480 train_time:373179ms step_avg:470.00ms
step:795/1480 train_time:373832ms step_avg:470.23ms
step:796/1480 train_time:374479ms step_avg:470.45ms
step:797/1480 train_time:375132ms step_avg:470.68ms
step:798/1480 train_time:375779ms step_avg:470.90ms
step:799/1480 train_time:376432ms step_avg:471.13ms
step:800/1480 train_time:377080ms step_avg:471.35ms
step:801/1480 train_time:377732ms step_avg:471.58ms
step:802/1480 train_time:378380ms step_avg:471.80ms
step:803/1480 train_time:379031ms step_avg:472.02ms
step:804/1480 train_time:379680ms step_avg:472.24ms
step:805/1480 train_time:380332ms step_avg:472.46ms
step:806/1480 train_time:380980ms step_avg:472.68ms
step:807/1480 train_time:381632ms step_avg:472.90ms
step:808/1480 train_time:382281ms step_avg:473.12ms
step:809/1480 train_time:382932ms step_avg:473.34ms
step:810/1480 train_time:383580ms step_avg:473.56ms
step:811/1480 train_time:384231ms step_avg:473.77ms
step:812/1480 train_time:384880ms step_avg:473.99ms
step:813/1480 train_time:385530ms step_avg:474.21ms
step:814/1480 train_time:386179ms step_avg:474.42ms
step:815/1480 train_time:386832ms step_avg:474.64ms
step:816/1480 train_time:387480ms step_avg:474.85ms
step:817/1480 train_time:388132ms step_avg:475.07ms
step:818/1480 train_time:388779ms step_avg:475.28ms
step:819/1480 train_time:389431ms step_avg:475.50ms
step:820/1480 train_time:390080ms step_avg:475.71ms
step:821/1480 train_time:390732ms step_avg:475.92ms
step:822/1480 train_time:391380ms step_avg:476.13ms
step:823/1480 train_time:392031ms step_avg:476.34ms
step:824/1480 train_time:392680ms step_avg:476.55ms
step:825/1480 train_time:393332ms step_avg:476.77ms
step:826/1480 train_time:393981ms step_avg:476.97ms
step:827/1480 train_time:394632ms step_avg:477.19ms
step:828/1480 train_time:395280ms step_avg:477.39ms
step:829/1480 train_time:395932ms step_avg:477.60ms
step:830/1480 train_time:396580ms step_avg:477.81ms
step:831/1480 train_time:397232ms step_avg:478.02ms
step:832/1480 train_time:397879ms step_avg:478.22ms
step:833/1480 train_time:398532ms step_avg:478.43ms
step:834/1480 train_time:399179ms step_avg:478.63ms
step:835/1480 train_time:399832ms step_avg:478.84ms
step:836/1480 train_time:400480ms step_avg:479.04ms
step:837/1480 train_time:401130ms step_avg:479.25ms
step:838/1480 train_time:401779ms step_avg:479.45ms
step:839/1480 train_time:402429ms step_avg:479.65ms
step:840/1480 train_time:403078ms step_avg:479.86ms
step:841/1480 train_time:403730ms step_avg:480.06ms
step:842/1480 train_time:404379ms step_avg:480.26ms
step:843/1480 train_time:405032ms step_avg:480.46ms
step:844/1480 train_time:405680ms step_avg:480.66ms
step:845/1480 train_time:406331ms step_avg:480.87ms
step:846/1480 train_time:406980ms step_avg:481.06ms
step:847/1480 train_time:407629ms step_avg:481.26ms
step:848/1480 train_time:408279ms step_avg:481.46ms
step:849/1480 train_time:408929ms step_avg:481.66ms
step:850/1480 train_time:409579ms step_avg:481.86ms
step:851/1480 train_time:410230ms step_avg:482.06ms
step:852/1480 train_time:410880ms step_avg:482.25ms
step:853/1480 train_time:411532ms step_avg:482.45ms
step:854/1480 train_time:412179ms step_avg:482.64ms
step:855/1480 train_time:412830ms step_avg:482.84ms
step:856/1480 train_time:413479ms step_avg:483.04ms
step:857/1480 train_time:414132ms step_avg:483.23ms
step:858/1480 train_time:414781ms step_avg:483.43ms
step:859/1480 train_time:415432ms step_avg:483.62ms
step:860/1480 train_time:416080ms step_avg:483.81ms
step:861/1480 train_time:416730ms step_avg:484.01ms
step:862/1480 train_time:417379ms step_avg:484.20ms
step:863/1480 train_time:418031ms step_avg:484.39ms
step:864/1480 train_time:418680ms step_avg:484.58ms
step:865/1480 train_time:419329ms step_avg:484.77ms
step:866/1480 train_time:419979ms step_avg:484.96ms
step:867/1480 train_time:420631ms step_avg:485.16ms
step:868/1480 train_time:421279ms step_avg:485.34ms
step:869/1480 train_time:421930ms step_avg:485.54ms
step:870/1480 train_time:422579ms step_avg:485.72ms
step:871/1480 train_time:423229ms step_avg:485.91ms
step:872/1480 train_time:423879ms step_avg:486.10ms
step:873/1480 train_time:424529ms step_avg:486.29ms
step:874/1480 train_time:425179ms step_avg:486.47ms
step:875/1480 train_time:425830ms step_avg:486.66ms
step:876/1480 train_time:426479ms step_avg:486.85ms
step:877/1480 train_time:427130ms step_avg:487.04ms
step:878/1480 train_time:427778ms step_avg:487.22ms
step:879/1480 train_time:428429ms step_avg:487.41ms
step:880/1480 train_time:429078ms step_avg:487.59ms
step:881/1480 train_time:429728ms step_avg:487.77ms
step:882/1480 train_time:430377ms step_avg:487.96ms
step:883/1480 train_time:431028ms step_avg:488.14ms
step:884/1480 train_time:431676ms step_avg:488.32ms
step:885/1480 train_time:432327ms step_avg:488.50ms
step:886/1480 train_time:432976ms step_avg:488.69ms
step:887/1480 train_time:433626ms step_avg:488.87ms
step:888/1480 train_time:434275ms step_avg:489.05ms
step:889/1480 train_time:434927ms step_avg:489.23ms
step:890/1480 train_time:435575ms step_avg:489.41ms
step:891/1480 train_time:436225ms step_avg:489.59ms
step:892/1480 train_time:436873ms step_avg:489.77ms
step:893/1480 train_time:437520ms step_avg:489.94ms
step:894/1480 train_time:438172ms step_avg:490.12ms
step:895/1480 train_time:438818ms step_avg:490.30ms
step:896/1480 train_time:439468ms step_avg:490.48ms
step:897/1480 train_time:440113ms step_avg:490.65ms
step:898/1480 train_time:440757ms step_avg:490.82ms
step:899/1480 train_time:441409ms step_avg:491.00ms
step:900/1480 train_time:442057ms step_avg:491.17ms
step:901/1480 train_time:442707ms step_avg:491.35ms
step:902/1480 train_time:443355ms step_avg:491.52ms
step:903/1480 train_time:444005ms step_avg:491.70ms
step:904/1480 train_time:444654ms step_avg:491.87ms
step:905/1480 train_time:445308ms step_avg:492.05ms
step:906/1480 train_time:445957ms step_avg:492.23ms
step:907/1480 train_time:446606ms step_avg:492.40ms
step:908/1480 train_time:447254ms step_avg:492.57ms
step:909/1480 train_time:447902ms step_avg:492.74ms
step:910/1480 train_time:448549ms step_avg:492.91ms
step:911/1480 train_time:449198ms step_avg:493.08ms
step:912/1480 train_time:449847ms step_avg:493.25ms
step:913/1480 train_time:450497ms step_avg:493.42ms
step:914/1480 train_time:451142ms step_avg:493.59ms
step:915/1480 train_time:451792ms step_avg:493.76ms
step:916/1480 train_time:452440ms step_avg:493.93ms
step:917/1480 train_time:453091ms step_avg:494.10ms
step:918/1480 train_time:453738ms step_avg:494.27ms
step:919/1480 train_time:454389ms step_avg:494.44ms
step:920/1480 train_time:455037ms step_avg:494.61ms
step:921/1480 train_time:455686ms step_avg:494.77ms
step:922/1480 train_time:456335ms step_avg:494.94ms
step:923/1480 train_time:456982ms step_avg:495.11ms
step:924/1480 train_time:457630ms step_avg:495.27ms
step:925/1480 train_time:458279ms step_avg:495.44ms
step:926/1480 train_time:458929ms step_avg:495.60ms
step:927/1480 train_time:459578ms step_avg:495.77ms
step:928/1480 train_time:460228ms step_avg:495.94ms
step:929/1480 train_time:460878ms step_avg:496.10ms
step:930/1480 train_time:461529ms step_avg:496.27ms
step:931/1480 train_time:462178ms step_avg:496.43ms
step:932/1480 train_time:462828ms step_avg:496.60ms
step:933/1480 train_time:463480ms step_avg:496.76ms
step:934/1480 train_time:464128ms step_avg:496.92ms
step:935/1480 train_time:464777ms step_avg:497.09ms
step:936/1480 train_time:465422ms step_avg:497.25ms
step:937/1480 train_time:466069ms step_avg:497.41ms
step:938/1480 train_time:466716ms step_avg:497.57ms
step:939/1480 train_time:467370ms step_avg:497.73ms
step:940/1480 train_time:468019ms step_avg:497.89ms
step:941/1480 train_time:468671ms step_avg:498.06ms
step:942/1480 train_time:469318ms step_avg:498.21ms
step:943/1480 train_time:469969ms step_avg:498.38ms
step:944/1480 train_time:470618ms step_avg:498.54ms
step:945/1480 train_time:471267ms step_avg:498.70ms
step:946/1480 train_time:471915ms step_avg:498.85ms
step:947/1480 train_time:472562ms step_avg:499.01ms
step:948/1480 train_time:473210ms step_avg:499.17ms
step:949/1480 train_time:473860ms step_avg:499.33ms
step:950/1480 train_time:474507ms step_avg:499.48ms
step:951/1480 train_time:475154ms step_avg:499.64ms
step:952/1480 train_time:475801ms step_avg:499.79ms
step:953/1480 train_time:476450ms step_avg:499.95ms
step:954/1480 train_time:477097ms step_avg:500.10ms
step:955/1480 train_time:477748ms step_avg:500.26ms
step:956/1480 train_time:478394ms step_avg:500.41ms
step:957/1480 train_time:479040ms step_avg:500.56ms
step:958/1480 train_time:479691ms step_avg:500.72ms
step:959/1480 train_time:480337ms step_avg:500.87ms
step:960/1480 train_time:480982ms step_avg:501.02ms
step:961/1480 train_time:481910ms step_avg:501.47ms
step:962/1480 train_time:482871ms step_avg:501.95ms
step:963/1480 train_time:483831ms step_avg:502.42ms
step:964/1480 train_time:484791ms step_avg:502.90ms
step:965/1480 train_time:485750ms step_avg:503.37ms
step:966/1480 train_time:486710ms step_avg:503.84ms
step:967/1480 train_time:487668ms step_avg:504.31ms
step:968/1480 train_time:488629ms step_avg:504.78ms
step:969/1480 train_time:489587ms step_avg:505.25ms
step:970/1480 train_time:490549ms step_avg:505.72ms
step:971/1480 train_time:491508ms step_avg:506.19ms
step:972/1480 train_time:492472ms step_avg:506.66ms
step:973/1480 train_time:493430ms step_avg:507.12ms
step:974/1480 train_time:494391ms step_avg:507.59ms
step:975/1480 train_time:495349ms step_avg:508.05ms
step:976/1480 train_time:496307ms step_avg:508.51ms
step:977/1480 train_time:497267ms step_avg:508.97ms
step:978/1480 train_time:498229ms step_avg:509.44ms
step:979/1480 train_time:499189ms step_avg:509.90ms
step:980/1480 train_time:500151ms step_avg:510.36ms
step:981/1480 train_time:501109ms step_avg:510.81ms
step:982/1480 train_time:502071ms step_avg:511.27ms
step:983/1480 train_time:503030ms step_avg:511.73ms
step:984/1480 train_time:503991ms step_avg:512.19ms
step:985/1480 train_time:504951ms step_avg:512.64ms
step:986/1480 train_time:505909ms step_avg:513.09ms
step:987/1480 train_time:506870ms step_avg:513.55ms
step:988/1480 train_time:507832ms step_avg:514.00ms
step:989/1480 train_time:508789ms step_avg:514.45ms
step:990/1480 train_time:509748ms step_avg:514.90ms
step:991/1480 train_time:510708ms step_avg:515.35ms
step:992/1480 train_time:511673ms step_avg:515.80ms
step:993/1480 train_time:512630ms step_avg:516.24ms
step:994/1480 train_time:513592ms step_avg:516.69ms
step:995/1480 train_time:514550ms step_avg:517.14ms
step:996/1480 train_time:515510ms step_avg:517.58ms
step:997/1480 train_time:516469ms step_avg:518.02ms
step:998/1480 train_time:517429ms step_avg:518.47ms
step:999/1480 train_time:518388ms step_avg:518.91ms
step:1000/1480 train_time:519350ms step_avg:519.35ms
step:1000/1480 val_loss:3.5116 train_time:519494ms step_avg:519.49ms
step:1001/1480 train_time:520307ms step_avg:519.79ms
step:1002/1480 train_time:521264ms step_avg:520.22ms
step:1003/1480 train_time:522224ms step_avg:520.66ms
step:1004/1480 train_time:523180ms step_avg:521.10ms
step:1005/1480 train_time:524137ms step_avg:521.53ms
step:1006/1480 train_time:525097ms step_avg:521.97ms
step:1007/1480 train_time:526055ms step_avg:522.40ms
step:1008/1480 train_time:527015ms step_avg:522.83ms
step:1009/1480 train_time:527976ms step_avg:523.27ms
step:1010/1480 train_time:528938ms step_avg:523.70ms
step:1011/1480 train_time:529896ms step_avg:524.13ms
step:1012/1480 train_time:530858ms step_avg:524.56ms
step:1013/1480 train_time:531816ms step_avg:524.99ms
step:1014/1480 train_time:532778ms step_avg:525.42ms
step:1015/1480 train_time:533736ms step_avg:525.85ms
step:1016/1480 train_time:534697ms step_avg:526.28ms
step:1017/1480 train_time:535655ms step_avg:526.70ms
step:1018/1480 train_time:536614ms step_avg:527.13ms
step:1019/1480 train_time:537574ms step_avg:527.55ms
step:1020/1480 train_time:538538ms step_avg:527.98ms
step:1021/1480 train_time:539496ms step_avg:528.40ms
step:1022/1480 train_time:540456ms step_avg:528.82ms
step:1023/1480 train_time:541416ms step_avg:529.24ms
step:1024/1480 train_time:542377ms step_avg:529.66ms
step:1025/1480 train_time:543334ms step_avg:530.08ms
step:1026/1480 train_time:544295ms step_avg:530.50ms
step:1027/1480 train_time:545253ms step_avg:530.92ms
step:1028/1480 train_time:546214ms step_avg:531.34ms
step:1029/1480 train_time:547175ms step_avg:531.75ms
step:1030/1480 train_time:548137ms step_avg:532.17ms
step:1031/1480 train_time:549096ms step_avg:532.59ms
step:1032/1480 train_time:550056ms step_avg:533.00ms
step:1033/1480 train_time:551013ms step_avg:533.41ms
step:1034/1480 train_time:551973ms step_avg:533.82ms
step:1035/1480 train_time:552935ms step_avg:534.24ms
step:1036/1480 train_time:553897ms step_avg:534.65ms
step:1037/1480 train_time:554855ms step_avg:535.06ms
step:1038/1480 train_time:555814ms step_avg:535.47ms
step:1039/1480 train_time:556773ms step_avg:535.87ms
step:1040/1480 train_time:557736ms step_avg:536.28ms
step:1041/1480 train_time:558695ms step_avg:536.69ms
step:1042/1480 train_time:559656ms step_avg:537.10ms
step:1043/1480 train_time:560615ms step_avg:537.50ms
step:1044/1480 train_time:561574ms step_avg:537.91ms
step:1045/1480 train_time:562533ms step_avg:538.31ms
step:1046/1480 train_time:563496ms step_avg:538.72ms
step:1047/1480 train_time:564456ms step_avg:539.12ms
step:1048/1480 train_time:565418ms step_avg:539.52ms
step:1049/1480 train_time:566376ms step_avg:539.92ms
step:1050/1480 train_time:567338ms step_avg:540.32ms
step:1051/1480 train_time:568297ms step_avg:540.72ms
step:1052/1480 train_time:569257ms step_avg:541.12ms
step:1053/1480 train_time:570216ms step_avg:541.52ms
step:1054/1480 train_time:571175ms step_avg:541.91ms
step:1055/1480 train_time:572136ms step_avg:542.31ms
step:1056/1480 train_time:573097ms step_avg:542.71ms
step:1057/1480 train_time:574056ms step_avg:543.10ms
step:1058/1480 train_time:575017ms step_avg:543.49ms
step:1059/1480 train_time:575975ms step_avg:543.89ms
step:1060/1480 train_time:576936ms step_avg:544.28ms
step:1061/1480 train_time:577895ms step_avg:544.67ms
step:1062/1480 train_time:578856ms step_avg:545.06ms
step:1063/1480 train_time:579815ms step_avg:545.45ms
step:1064/1480 train_time:580776ms step_avg:545.84ms
step:1065/1480 train_time:581737ms step_avg:546.23ms
step:1066/1480 train_time:582696ms step_avg:546.62ms
step:1067/1480 train_time:583654ms step_avg:547.00ms
step:1068/1480 train_time:584613ms step_avg:547.39ms
step:1069/1480 train_time:585573ms step_avg:547.78ms
step:1070/1480 train_time:586536ms step_avg:548.16ms
step:1071/1480 train_time:587495ms step_avg:548.55ms
step:1072/1480 train_time:588456ms step_avg:548.93ms
step:1073/1480 train_time:589413ms step_avg:549.31ms
step:1074/1480 train_time:590375ms step_avg:549.70ms
step:1075/1480 train_time:591335ms step_avg:550.08ms
step:1076/1480 train_time:592295ms step_avg:550.46ms
step:1077/1480 train_time:593255ms step_avg:550.84ms
step:1078/1480 train_time:594216ms step_avg:551.22ms
step:1079/1480 train_time:595176ms step_avg:551.60ms
step:1080/1480 train_time:596138ms step_avg:551.98ms
step:1081/1480 train_time:597097ms step_avg:552.36ms
step:1082/1480 train_time:598057ms step_avg:552.73ms
step:1083/1480 train_time:599014ms step_avg:553.11ms
step:1084/1480 train_time:599974ms step_avg:553.48ms
step:1085/1480 train_time:600934ms step_avg:553.86ms
step:1086/1480 train_time:601894ms step_avg:554.23ms
step:1087/1480 train_time:602855ms step_avg:554.60ms
step:1088/1480 train_time:603816ms step_avg:554.98ms
step:1089/1480 train_time:604774ms step_avg:555.35ms
step:1090/1480 train_time:605735ms step_avg:555.72ms
step:1091/1480 train_time:606694ms step_avg:556.09ms
step:1092/1480 train_time:607657ms step_avg:556.46ms
step:1093/1480 train_time:608616ms step_avg:556.83ms
step:1094/1480 train_time:609577ms step_avg:557.20ms
step:1095/1480 train_time:610535ms step_avg:557.57ms
step:1096/1480 train_time:611497ms step_avg:557.94ms
step:1097/1480 train_time:612456ms step_avg:558.30ms
step:1098/1480 train_time:613418ms step_avg:558.67ms
step:1099/1480 train_time:614375ms step_avg:559.03ms
step:1100/1480 train_time:615336ms step_avg:559.40ms
step:1101/1480 train_time:616296ms step_avg:559.76ms
step:1102/1480 train_time:617257ms step_avg:560.12ms
step:1103/1480 train_time:618215ms step_avg:560.48ms
step:1104/1480 train_time:619175ms step_avg:560.85ms
step:1105/1480 train_time:620136ms step_avg:561.21ms
step:1106/1480 train_time:621097ms step_avg:561.57ms
step:1107/1480 train_time:622056ms step_avg:561.93ms
step:1108/1480 train_time:623018ms step_avg:562.29ms
step:1109/1480 train_time:623976ms step_avg:562.65ms
step:1110/1480 train_time:624937ms step_avg:563.01ms
step:1111/1480 train_time:625896ms step_avg:563.36ms
step:1112/1480 train_time:626858ms step_avg:563.72ms
step:1113/1480 train_time:627816ms step_avg:564.08ms
step:1114/1480 train_time:628776ms step_avg:564.43ms
step:1115/1480 train_time:629737ms step_avg:564.79ms
step:1116/1480 train_time:630697ms step_avg:565.14ms
step:1117/1480 train_time:631655ms step_avg:565.49ms
step:1118/1480 train_time:632612ms step_avg:565.84ms
step:1119/1480 train_time:633573ms step_avg:566.20ms
step:1120/1480 train_time:634535ms step_avg:566.55ms
step:1121/1480 train_time:635495ms step_avg:566.90ms
step:1122/1480 train_time:636456ms step_avg:567.25ms
step:1123/1480 train_time:637416ms step_avg:567.60ms
step:1124/1480 train_time:638374ms step_avg:567.95ms
step:1125/1480 train_time:639335ms step_avg:568.30ms
step:1126/1480 train_time:640296ms step_avg:568.65ms
step:1127/1480 train_time:641256ms step_avg:568.99ms
step:1128/1480 train_time:642217ms step_avg:569.34ms
step:1129/1480 train_time:643175ms step_avg:569.69ms
step:1130/1480 train_time:644140ms step_avg:570.04ms
step:1131/1480 train_time:645097ms step_avg:570.38ms
step:1132/1480 train_time:646058ms step_avg:570.72ms
step:1133/1480 train_time:647015ms step_avg:571.06ms
step:1134/1480 train_time:647975ms step_avg:571.41ms
step:1135/1480 train_time:648935ms step_avg:571.75ms
step:1136/1480 train_time:649900ms step_avg:572.09ms
step:1137/1480 train_time:650857ms step_avg:572.43ms
step:1138/1480 train_time:651819ms step_avg:572.78ms
step:1139/1480 train_time:652775ms step_avg:573.11ms
step:1140/1480 train_time:653739ms step_avg:573.46ms
step:1141/1480 train_time:654695ms step_avg:573.79ms
step:1142/1480 train_time:655656ms step_avg:574.13ms
step:1143/1480 train_time:656616ms step_avg:574.47ms
step:1144/1480 train_time:657575ms step_avg:574.80ms
step:1145/1480 train_time:658535ms step_avg:575.14ms
step:1146/1480 train_time:659496ms step_avg:575.48ms
step:1147/1480 train_time:660456ms step_avg:575.81ms
step:1148/1480 train_time:661415ms step_avg:576.15ms
step:1149/1480 train_time:662375ms step_avg:576.48ms
step:1150/1480 train_time:663336ms step_avg:576.81ms
step:1151/1480 train_time:664295ms step_avg:577.15ms
step:1152/1480 train_time:665256ms step_avg:577.48ms
step:1153/1480 train_time:666216ms step_avg:577.81ms
step:1154/1480 train_time:667176ms step_avg:578.14ms
step:1155/1480 train_time:668136ms step_avg:578.47ms
step:1156/1480 train_time:669095ms step_avg:578.80ms
step:1157/1480 train_time:670054ms step_avg:579.13ms
step:1158/1480 train_time:671014ms step_avg:579.46ms
step:1159/1480 train_time:671975ms step_avg:579.79ms
step:1160/1480 train_time:672937ms step_avg:580.12ms
step:1161/1480 train_time:673895ms step_avg:580.44ms
step:1162/1480 train_time:674857ms step_avg:580.77ms
step:1163/1480 train_time:675816ms step_avg:581.10ms
step:1164/1480 train_time:676776ms step_avg:581.42ms
step:1165/1480 train_time:677737ms step_avg:581.75ms
step:1166/1480 train_time:678697ms step_avg:582.07ms
step:1167/1480 train_time:679656ms step_avg:582.40ms
step:1168/1480 train_time:680617ms step_avg:582.72ms
step:1169/1480 train_time:681574ms step_avg:583.04ms
step:1170/1480 train_time:682537ms step_avg:583.37ms
step:1171/1480 train_time:683496ms step_avg:583.69ms
step:1172/1480 train_time:684457ms step_avg:584.01ms
step:1173/1480 train_time:685416ms step_avg:584.33ms
step:1174/1480 train_time:686376ms step_avg:584.65ms
step:1175/1480 train_time:687337ms step_avg:584.97ms
step:1176/1480 train_time:688297ms step_avg:585.29ms
step:1177/1480 train_time:689256ms step_avg:585.60ms
step:1178/1480 train_time:690215ms step_avg:585.92ms
step:1179/1480 train_time:691174ms step_avg:586.24ms
step:1180/1480 train_time:692134ms step_avg:586.55ms
step:1181/1480 train_time:693095ms step_avg:586.87ms
step:1182/1480 train_time:694056ms step_avg:587.19ms
step:1183/1480 train_time:695015ms step_avg:587.50ms
step:1184/1480 train_time:695977ms step_avg:587.82ms
step:1185/1480 train_time:696936ms step_avg:588.13ms
step:1186/1480 train_time:697896ms step_avg:588.44ms
step:1187/1480 train_time:698855ms step_avg:588.76ms
step:1188/1480 train_time:699816ms step_avg:589.07ms
step:1189/1480 train_time:700776ms step_avg:589.38ms
step:1190/1480 train_time:701736ms step_avg:589.69ms
step:1191/1480 train_time:702696ms step_avg:590.01ms
step:1192/1480 train_time:703658ms step_avg:590.32ms
step:1193/1480 train_time:704616ms step_avg:590.63ms
step:1194/1480 train_time:705577ms step_avg:590.94ms
step:1195/1480 train_time:706536ms step_avg:591.24ms
step:1196/1480 train_time:707495ms step_avg:591.55ms
step:1197/1480 train_time:708457ms step_avg:591.86ms
step:1198/1480 train_time:709416ms step_avg:592.17ms
step:1199/1480 train_time:710376ms step_avg:592.47ms
step:1200/1480 train_time:711336ms step_avg:592.78ms
step:1201/1480 train_time:712296ms step_avg:593.09ms
step:1202/1480 train_time:713258ms step_avg:593.39ms
step:1203/1480 train_time:714216ms step_avg:593.70ms
step:1204/1480 train_time:715176ms step_avg:594.00ms
step:1205/1480 train_time:716136ms step_avg:594.30ms
step:1206/1480 train_time:717096ms step_avg:594.61ms
step:1207/1480 train_time:718055ms step_avg:594.91ms
step:1208/1480 train_time:719013ms step_avg:595.21ms
step:1209/1480 train_time:719977ms step_avg:595.51ms
step:1210/1480 train_time:720936ms step_avg:595.81ms
step:1211/1480 train_time:721895ms step_avg:596.12ms
step:1212/1480 train_time:722854ms step_avg:596.41ms
step:1213/1480 train_time:723814ms step_avg:596.71ms
step:1214/1480 train_time:724773ms step_avg:597.01ms
step:1215/1480 train_time:725733ms step_avg:597.31ms
step:1216/1480 train_time:726690ms step_avg:597.61ms
step:1217/1480 train_time:727644ms step_avg:597.90ms
step:1218/1480 train_time:728600ms step_avg:598.19ms
step:1219/1480 train_time:729556ms step_avg:598.49ms
step:1220/1480 train_time:730516ms step_avg:598.78ms
step:1221/1480 train_time:731475ms step_avg:599.08ms
step:1222/1480 train_time:732437ms step_avg:599.38ms
step:1223/1480 train_time:733396ms step_avg:599.67ms
step:1224/1480 train_time:734357ms step_avg:599.96ms
step:1225/1480 train_time:735318ms step_avg:600.26ms
step:1226/1480 train_time:736276ms step_avg:600.55ms
step:1227/1480 train_time:737237ms step_avg:600.85ms
step:1228/1480 train_time:738196ms step_avg:601.14ms
step:1229/1480 train_time:739157ms step_avg:601.43ms
step:1230/1480 train_time:740117ms step_avg:601.72ms
step:1231/1480 train_time:741075ms step_avg:602.01ms
step:1232/1480 train_time:742036ms step_avg:602.30ms
step:1233/1480 train_time:742996ms step_avg:602.59ms
step:1234/1480 train_time:743957ms step_avg:602.88ms
step:1235/1480 train_time:744915ms step_avg:603.17ms
step:1236/1480 train_time:745876ms step_avg:603.46ms
step:1237/1480 train_time:746835ms step_avg:603.75ms
step:1238/1480 train_time:747794ms step_avg:604.03ms
step:1239/1480 train_time:748754ms step_avg:604.32ms
step:1240/1480 train_time:749716ms step_avg:604.61ms
step:1241/1480 train_time:750676ms step_avg:604.90ms
step:1242/1480 train_time:751636ms step_avg:605.18ms
step:1243/1480 train_time:752593ms step_avg:605.47ms
step:1244/1480 train_time:753553ms step_avg:605.75ms
step:1245/1480 train_time:754515ms step_avg:606.04ms
step:1246/1480 train_time:755476ms step_avg:606.32ms
step:1247/1480 train_time:756438ms step_avg:606.61ms
step:1248/1480 train_time:757399ms step_avg:606.89ms
step:1249/1480 train_time:758357ms step_avg:607.17ms
step:1250/1480 train_time:759318ms step_avg:607.45ms
step:1250/1480 val_loss:3.3668 train_time:759461ms step_avg:607.57ms
step:1251/1480 train_time:760273ms step_avg:607.73ms
step:1252/1480 train_time:761227ms step_avg:608.01ms
step:1253/1480 train_time:762185ms step_avg:608.29ms
step:1254/1480 train_time:763146ms step_avg:608.57ms
step:1255/1480 train_time:764104ms step_avg:608.85ms
step:1256/1480 train_time:765061ms step_avg:609.13ms
step:1257/1480 train_time:766021ms step_avg:609.40ms
step:1258/1480 train_time:766983ms step_avg:609.68ms
step:1259/1480 train_time:767942ms step_avg:609.96ms
step:1260/1480 train_time:768904ms step_avg:610.24ms
step:1261/1480 train_time:769864ms step_avg:610.52ms
step:1262/1480 train_time:770825ms step_avg:610.80ms
step:1263/1480 train_time:771783ms step_avg:611.07ms
step:1264/1480 train_time:772745ms step_avg:611.35ms
step:1265/1480 train_time:773704ms step_avg:611.62ms
step:1266/1480 train_time:774663ms step_avg:611.90ms
step:1267/1480 train_time:775621ms step_avg:612.17ms
step:1268/1480 train_time:776585ms step_avg:612.45ms
step:1269/1480 train_time:777544ms step_avg:612.72ms
step:1270/1480 train_time:778506ms step_avg:613.00ms
step:1271/1480 train_time:779465ms step_avg:613.27ms
step:1272/1480 train_time:780424ms step_avg:613.54ms
step:1273/1480 train_time:781383ms step_avg:613.81ms
step:1274/1480 train_time:782344ms step_avg:614.08ms
step:1275/1480 train_time:783303ms step_avg:614.36ms
step:1276/1480 train_time:784263ms step_avg:614.63ms
step:1277/1480 train_time:785223ms step_avg:614.90ms
step:1278/1480 train_time:786185ms step_avg:615.17ms
step:1279/1480 train_time:787143ms step_avg:615.44ms
step:1280/1480 train_time:788102ms step_avg:615.71ms
step:1281/1480 train_time:789063ms step_avg:615.97ms
step:1282/1480 train_time:790023ms step_avg:616.24ms
step:1283/1480 train_time:790982ms step_avg:616.51ms
step:1284/1480 train_time:791945ms step_avg:616.78ms
step:1285/1480 train_time:792904ms step_avg:617.05ms
step:1286/1480 train_time:793864ms step_avg:617.31ms
step:1287/1480 train_time:794823ms step_avg:617.58ms
step:1288/1480 train_time:795784ms step_avg:617.84ms
step:1289/1480 train_time:796745ms step_avg:618.11ms
step:1290/1480 train_time:797706ms step_avg:618.38ms
step:1291/1480 train_time:798664ms step_avg:618.64ms
step:1292/1480 train_time:799624ms step_avg:618.90ms
step:1293/1480 train_time:800585ms step_avg:619.17ms
step:1294/1480 train_time:801546ms step_avg:619.43ms
step:1295/1480 train_time:802504ms step_avg:619.69ms
step:1296/1480 train_time:803466ms step_avg:619.96ms
step:1297/1480 train_time:804425ms step_avg:620.22ms
step:1298/1480 train_time:805387ms step_avg:620.48ms
step:1299/1480 train_time:806344ms step_avg:620.74ms
step:1300/1480 train_time:807305ms step_avg:621.00ms
step:1301/1480 train_time:808265ms step_avg:621.26ms
step:1302/1480 train_time:809224ms step_avg:621.52ms
step:1303/1480 train_time:810185ms step_avg:621.78ms
step:1304/1480 train_time:811147ms step_avg:622.05ms
step:1305/1480 train_time:812106ms step_avg:622.30ms
step:1306/1480 train_time:813064ms step_avg:622.56ms
step:1307/1480 train_time:814024ms step_avg:622.82ms
step:1308/1480 train_time:814985ms step_avg:623.08ms
step:1309/1480 train_time:815944ms step_avg:623.33ms
step:1310/1480 train_time:816906ms step_avg:623.59ms
step:1311/1480 train_time:817863ms step_avg:623.85ms
step:1312/1480 train_time:818824ms step_avg:624.10ms
step:1313/1480 train_time:819784ms step_avg:624.36ms
step:1314/1480 train_time:820745ms step_avg:624.62ms
step:1315/1480 train_time:821705ms step_avg:624.87ms
step:1316/1480 train_time:822665ms step_avg:625.13ms
step:1317/1480 train_time:823623ms step_avg:625.38ms
step:1318/1480 train_time:824585ms step_avg:625.63ms
step:1319/1480 train_time:825542ms step_avg:625.89ms
step:1320/1480 train_time:826504ms step_avg:626.14ms
step:1321/1480 train_time:827463ms step_avg:626.39ms
step:1322/1480 train_time:828424ms step_avg:626.64ms
step:1323/1480 train_time:829383ms step_avg:626.90ms
step:1324/1480 train_time:830344ms step_avg:627.15ms
step:1325/1480 train_time:831303ms step_avg:627.40ms
step:1326/1480 train_time:832264ms step_avg:627.65ms
step:1327/1480 train_time:833223ms step_avg:627.90ms
step:1328/1480 train_time:834185ms step_avg:628.15ms
step:1329/1480 train_time:835144ms step_avg:628.40ms
step:1330/1480 train_time:836106ms step_avg:628.65ms
step:1331/1480 train_time:837065ms step_avg:628.90ms
step:1332/1480 train_time:838024ms step_avg:629.15ms
step:1333/1480 train_time:838984ms step_avg:629.40ms
step:1334/1480 train_time:839945ms step_avg:629.64ms
step:1335/1480 train_time:840904ms step_avg:629.89ms
step:1336/1480 train_time:841864ms step_avg:630.14ms
step:1337/1480 train_time:842822ms step_avg:630.38ms
step:1338/1480 train_time:843784ms step_avg:630.63ms
step:1339/1480 train_time:844744ms step_avg:630.88ms
step:1340/1480 train_time:845705ms step_avg:631.12ms
step:1341/1480 train_time:846663ms step_avg:631.37ms
step:1342/1480 train_time:847621ms step_avg:631.61ms
step:1343/1480 train_time:848580ms step_avg:631.85ms
step:1344/1480 train_time:849539ms step_avg:632.10ms
step:1345/1480 train_time:850500ms step_avg:632.34ms
step:1346/1480 train_time:851455ms step_avg:632.58ms
step:1347/1480 train_time:852409ms step_avg:632.82ms
step:1348/1480 train_time:853367ms step_avg:633.06ms
step:1349/1480 train_time:854324ms step_avg:633.30ms
step:1350/1480 train_time:855284ms step_avg:633.54ms
step:1351/1480 train_time:856243ms step_avg:633.78ms
step:1352/1480 train_time:857205ms step_avg:634.03ms
step:1353/1480 train_time:858165ms step_avg:634.27ms
step:1354/1480 train_time:859125ms step_avg:634.51ms
step:1355/1480 train_time:860086ms step_avg:634.75ms
step:1356/1480 train_time:861045ms step_avg:634.99ms
step:1357/1480 train_time:862003ms step_avg:635.23ms
step:1358/1480 train_time:862965ms step_avg:635.47ms
step:1359/1480 train_time:863922ms step_avg:635.70ms
step:1360/1480 train_time:864883ms step_avg:635.94ms
step:1361/1480 train_time:865841ms step_avg:636.18ms
step:1362/1480 train_time:866799ms step_avg:636.42ms
step:1363/1480 train_time:867761ms step_avg:636.66ms
step:1364/1480 train_time:868718ms step_avg:636.89ms
step:1365/1480 train_time:869676ms step_avg:637.12ms
step:1366/1480 train_time:870629ms step_avg:637.36ms
step:1367/1480 train_time:871586ms step_avg:637.59ms
step:1368/1480 train_time:872546ms step_avg:637.83ms
step:1369/1480 train_time:873505ms step_avg:638.06ms
step:1370/1480 train_time:874466ms step_avg:638.30ms
step:1371/1480 train_time:875424ms step_avg:638.53ms
step:1372/1480 train_time:876385ms step_avg:638.76ms
step:1373/1480 train_time:877343ms step_avg:639.00ms
step:1374/1480 train_time:878304ms step_avg:639.23ms
step:1375/1480 train_time:879262ms step_avg:639.46ms
step:1376/1480 train_time:880223ms step_avg:639.70ms
step:1377/1480 train_time:881182ms step_avg:639.93ms
step:1378/1480 train_time:882144ms step_avg:640.16ms
step:1379/1480 train_time:883103ms step_avg:640.39ms
step:1380/1480 train_time:884065ms step_avg:640.63ms
step:1381/1480 train_time:885023ms step_avg:640.86ms
step:1382/1480 train_time:885982ms step_avg:641.09ms
step:1383/1480 train_time:886943ms step_avg:641.32ms
step:1384/1480 train_time:887903ms step_avg:641.55ms
step:1385/1480 train_time:888860ms step_avg:641.78ms
step:1386/1480 train_time:889817ms step_avg:642.00ms
step:1387/1480 train_time:890778ms step_avg:642.23ms
step:1388/1480 train_time:891730ms step_avg:642.46ms
step:1389/1480 train_time:892687ms step_avg:642.68ms
step:1390/1480 train_time:893646ms step_avg:642.91ms
step:1391/1480 train_time:894606ms step_avg:643.14ms
step:1392/1480 train_time:895566ms step_avg:643.37ms
step:1393/1480 train_time:896523ms step_avg:643.59ms
step:1394/1480 train_time:897484ms step_avg:643.82ms
step:1395/1480 train_time:898445ms step_avg:644.05ms
step:1396/1480 train_time:899406ms step_avg:644.27ms
step:1397/1480 train_time:900366ms step_avg:644.50ms
step:1398/1480 train_time:901324ms step_avg:644.72ms
step:1399/1480 train_time:902284ms step_avg:644.95ms
step:1400/1480 train_time:903246ms step_avg:645.18ms
step:1401/1480 train_time:904204ms step_avg:645.40ms
step:1402/1480 train_time:905166ms step_avg:645.62ms
step:1403/1480 train_time:906124ms step_avg:645.85ms
step:1404/1480 train_time:907084ms step_avg:646.07ms
step:1405/1480 train_time:908044ms step_avg:646.29ms
step:1406/1480 train_time:909004ms step_avg:646.52ms
step:1407/1480 train_time:909964ms step_avg:646.74ms
step:1408/1480 train_time:910925ms step_avg:646.96ms
step:1409/1480 train_time:911884ms step_avg:647.18ms
step:1410/1480 train_time:912845ms step_avg:647.41ms
step:1411/1480 train_time:913804ms step_avg:647.63ms
step:1412/1480 train_time:914764ms step_avg:647.85ms
step:1413/1480 train_time:915725ms step_avg:648.07ms
step:1414/1480 train_time:916685ms step_avg:648.29ms
step:1415/1480 train_time:917641ms step_avg:648.51ms
step:1416/1480 train_time:918603ms step_avg:648.73ms
step:1417/1480 train_time:919564ms step_avg:648.95ms
step:1418/1480 train_time:920522ms step_avg:649.17ms
step:1419/1480 train_time:921481ms step_avg:649.39ms
step:1420/1480 train_time:922445ms step_avg:649.61ms
step:1421/1480 train_time:923405ms step_avg:649.83ms
step:1422/1480 train_time:924365ms step_avg:650.05ms
step:1423/1480 train_time:925325ms step_avg:650.26ms
step:1424/1480 train_time:926286ms step_avg:650.48ms
step:1425/1480 train_time:927244ms step_avg:650.70ms
step:1426/1480 train_time:928203ms step_avg:650.91ms
step:1427/1480 train_time:929163ms step_avg:651.13ms
step:1428/1480 train_time:930124ms step_avg:651.35ms
step:1429/1480 train_time:931086ms step_avg:651.56ms
step:1430/1480 train_time:932048ms step_avg:651.78ms
step:1431/1480 train_time:933006ms step_avg:652.00ms
step:1432/1480 train_time:933966ms step_avg:652.21ms
step:1433/1480 train_time:934923ms step_avg:652.42ms
step:1434/1480 train_time:935886ms step_avg:652.64ms
step:1435/1480 train_time:936844ms step_avg:652.85ms
step:1436/1480 train_time:937804ms step_avg:653.07ms
step:1437/1480 train_time:938763ms step_avg:653.28ms
step:1438/1480 train_time:939722ms step_avg:653.49ms
step:1439/1480 train_time:940680ms step_avg:653.70ms
step:1440/1480 train_time:941636ms step_avg:653.91ms
step:1441/1480 train_time:942606ms step_avg:654.13ms
step:1442/1480 train_time:943568ms step_avg:654.35ms
step:1443/1480 train_time:944526ms step_avg:654.56ms
step:1444/1480 train_time:945489ms step_avg:654.77ms
step:1445/1480 train_time:946447ms step_avg:654.98ms
step:1446/1480 train_time:947408ms step_avg:655.19ms
step:1447/1480 train_time:948370ms step_avg:655.40ms
step:1448/1480 train_time:949329ms step_avg:655.61ms
step:1449/1480 train_time:950287ms step_avg:655.82ms
step:1450/1480 train_time:951248ms step_avg:656.03ms
step:1451/1480 train_time:952207ms step_avg:656.24ms
step:1452/1480 train_time:953169ms step_avg:656.45ms
step:1453/1480 train_time:954129ms step_avg:656.66ms
step:1454/1480 train_time:955090ms step_avg:656.87ms
step:1455/1480 train_time:956050ms step_avg:657.08ms
step:1456/1480 train_time:957011ms step_avg:657.29ms
step:1457/1480 train_time:957970ms step_avg:657.49ms
step:1458/1480 train_time:958929ms step_avg:657.70ms
step:1459/1480 train_time:959887ms step_avg:657.91ms
step:1460/1480 train_time:960849ms step_avg:658.12ms
step:1461/1480 train_time:961808ms step_avg:658.32ms
step:1462/1480 train_time:962769ms step_avg:658.53ms
step:1463/1480 train_time:963728ms step_avg:658.73ms
step:1464/1480 train_time:964688ms step_avg:658.94ms
step:1465/1480 train_time:965647ms step_avg:659.14ms
step:1466/1480 train_time:966611ms step_avg:659.35ms
step:1467/1480 train_time:967568ms step_avg:659.56ms
step:1468/1480 train_time:968528ms step_avg:659.76ms
step:1469/1480 train_time:969488ms step_avg:659.96ms
step:1470/1480 train_time:970449ms step_avg:660.17ms
step:1471/1480 train_time:971407ms step_avg:660.37ms
step:1472/1480 train_time:972371ms step_avg:660.58ms
step:1473/1480 train_time:973327ms step_avg:660.78ms
step:1474/1480 train_time:974291ms step_avg:660.98ms
step:1475/1480 train_time:975251ms step_avg:661.19ms
step:1476/1480 train_time:976212ms step_avg:661.39ms
step:1477/1480 train_time:977173ms step_avg:661.59ms
step:1478/1480 train_time:978129ms step_avg:661.79ms
step:1479/1480 train_time:979089ms step_avg:661.99ms
step:1480/1480 train_time:980048ms step_avg:662.19ms
step:1480/1480 val_loss:3.2785 train_time:980194ms step_avg:662.29ms
peak memory allocated: 37325 MiB reserved: 51048 MiB
