[Gloo] Rank 0 is connected to 0 peer ranks. Expected number of connected peer ranks is : 0
TokenMonster vocab loaded successfully, bpb metrics enabled
Downloading (incomplete total...): 0.00B [00:00, ?B/s]                                                                                                                 Warning: You are sending unauthenticated requests to the HF Hub. Please set a HF_TOKEN to enable higher rate limits and faster downloads.          | 0/4 [00:00<?, ?it/s]
Fetching 4 files: 100%|███████████████████████████████████████████████████████████████████████████████████████████████████████████████████| 4/4 [00:02<00:00,  1.74it/s]
Download complete: : 812MB [00:02, 834MB/s]              logs/d4d32bf6-4846-41b2-8730-d6f4dc1a401f.txt                                    | 1/4 [00:02<00:06,  2.30s/it]
Download complete: : 812MB [00:06, 118MB/s]
Compiling model and warming up kernels (~7 minutes on first execution)
Sampling steps [0, 1, 495, 496, 497, 498, 991, 992, 993, 994, 1488, 1489, 1490, 1491] for warmup
Resetting Model
step:0/1530 val_loss[approx]:10.1720npt val_loss[exact]:3.2174bpb val_acc:0.03% train_time:0ms step_avg:0.05ms
step:1/1530 train_time:314ms step_avg:314.50ms
step:2/1530 train_time:625ms step_avg:312.34ms
step:3/1530 train_time:941ms step_avg:313.50ms
step:4/1530 train_time:1264ms step_avg:316.05ms
step:5/1530 train_time:1579ms step_avg:315.87ms
step:6/1530 train_time:1893ms step_avg:315.57ms
step:7/1530 train_time:2215ms step_avg:316.44ms
step:8/1530 train_time:2530ms step_avg:316.30ms
step:9/1530 train_time:2846ms step_avg:316.23ms
step:10/1530 train_time:3166ms step_avg:316.62ms
step:11/1530 train_time:3485ms step_avg:316.78ms
step:12/1530 train_time:3802ms step_avg:316.80ms
step:13/1530 train_time:4123ms step_avg:317.13ms
step:14/1530 train_time:4442ms step_avg:317.27ms
step:15/1530 train_time:4760ms step_avg:317.31ms
step:16/1530 train_time:5080ms step_avg:317.48ms
step:17/1530 train_time:5400ms step_avg:317.67ms
step:18/1530 train_time:5719ms step_avg:317.73ms
step:19/1530 train_time:6039ms step_avg:317.82ms
step:20/1530 train_time:6358ms step_avg:317.91ms
step:21/1530 train_time:6677ms step_avg:317.96ms
step:22/1530 train_time:6995ms step_avg:317.97ms
step:23/1530 train_time:7316ms step_avg:318.07ms
step:24/1530 train_time:7632ms step_avg:318.01ms
step:25/1530 train_time:7950ms step_avg:317.99ms
step:26/1530 train_time:8268ms step_avg:318.01ms
step:27/1530 train_time:8586ms step_avg:317.99ms
step:28/1530 train_time:8904ms step_avg:318.00ms
step:29/1530 train_time:9224ms step_avg:318.07ms
step:30/1530 train_time:9543ms step_avg:318.11ms
step:31/1530 train_time:9863ms step_avg:318.16ms
step:32/1530 train_time:10183ms step_avg:318.22ms
step:33/1530 train_time:10503ms step_avg:318.26ms
step:34/1530 train_time:10821ms step_avg:318.27ms
step:35/1530 train_time:11142ms step_avg:318.33ms
step:36/1530 train_time:11461ms step_avg:318.36ms
step:37/1530 train_time:11781ms step_avg:318.41ms
step:38/1530 train_time:12100ms step_avg:318.43ms
step:39/1530 train_time:12420ms step_avg:318.46ms
step:40/1530 train_time:12738ms step_avg:318.45ms
step:41/1530 train_time:13056ms step_avg:318.43ms
step:42/1530 train_time:13372ms step_avg:318.37ms
step:43/1530 train_time:13688ms step_avg:318.33ms
step:44/1530 train_time:14005ms step_avg:318.29ms
step:45/1530 train_time:14323ms step_avg:318.29ms
step:46/1530 train_time:14640ms step_avg:318.26ms
step:47/1530 train_time:14958ms step_avg:318.26ms
step:48/1530 train_time:15277ms step_avg:318.27ms
step:49/1530 train_time:15593ms step_avg:318.23ms
step:50/1530 train_time:15909ms step_avg:318.17ms
step:51/1530 train_time:16226ms step_avg:318.15ms
step:52/1530 train_time:16543ms step_avg:318.13ms
step:53/1530 train_time:16861ms step_avg:318.14ms
step:54/1530 train_time:17180ms step_avg:318.14ms
step:55/1530 train_time:17498ms step_avg:318.14ms
step:56/1530 train_time:17815ms step_avg:318.12ms
step:57/1530 train_time:18132ms step_avg:318.10ms
step:58/1530 train_time:18447ms step_avg:318.05ms
step:59/1530 train_time:18765ms step_avg:318.05ms
step:60/1530 train_time:19082ms step_avg:318.03ms
step:61/1530 train_time:19400ms step_avg:318.04ms
step:62/1530 train_time:19718ms step_avg:318.04ms
step:63/1530 train_time:20036ms step_avg:318.04ms
step:64/1530 train_time:20353ms step_avg:318.02ms
step:65/1530 train_time:20671ms step_avg:318.01ms
step:66/1530 train_time:20986ms step_avg:317.98ms
step:67/1530 train_time:21304ms step_avg:317.97ms
step:68/1530 train_time:21622ms step_avg:317.97ms
step:69/1530 train_time:21940ms step_avg:317.97ms
step:70/1530 train_time:22259ms step_avg:317.98ms
step:71/1530 train_time:22578ms step_avg:318.00ms
step:72/1530 train_time:22895ms step_avg:317.98ms
step:73/1530 train_time:23211ms step_avg:317.97ms
step:74/1530 train_time:23528ms step_avg:317.95ms
step:75/1530 train_time:23846ms step_avg:317.94ms
step:76/1530 train_time:24163ms step_avg:317.93ms
step:77/1530 train_time:24482ms step_avg:317.94ms
step:78/1530 train_time:24800ms step_avg:317.95ms
step:79/1530 train_time:25119ms step_avg:317.96ms
step:80/1530 train_time:25438ms step_avg:317.97ms
step:81/1530 train_time:25758ms step_avg:317.99ms
step:82/1530 train_time:26076ms step_avg:318.00ms
step:83/1530 train_time:26393ms step_avg:317.99ms
step:84/1530 train_time:26709ms step_avg:317.97ms
step:85/1530 train_time:27028ms step_avg:317.97ms
step:86/1530 train_time:27344ms step_avg:317.95ms
step:87/1530 train_time:27663ms step_avg:317.97ms
step:88/1530 train_time:27982ms step_avg:317.98ms
step:89/1530 train_time:28301ms step_avg:317.98ms
step:90/1530 train_time:28620ms step_avg:318.00ms
step:91/1530 train_time:28938ms step_avg:318.00ms
step:92/1530 train_time:29256ms step_avg:318.01ms
step:93/1530 train_time:29574ms step_avg:318.00ms
step:94/1530 train_time:29890ms step_avg:317.98ms
step:95/1530 train_time:30208ms step_avg:317.98ms
step:96/1530 train_time:30525ms step_avg:317.97ms
step:97/1530 train_time:30844ms step_avg:317.97ms
step:98/1530 train_time:31163ms step_avg:317.99ms
step:99/1530 train_time:31482ms step_avg:318.00ms
step:100/1530 train_time:31800ms step_avg:318.00ms
step:101/1530 train_time:32120ms step_avg:318.02ms
step:102/1530 train_time:32440ms step_avg:318.04ms
step:103/1530 train_time:32760ms step_avg:318.06ms
step:104/1530 train_time:33077ms step_avg:318.05ms
step:105/1530 train_time:33397ms step_avg:318.07ms
step:106/1530 train_time:33715ms step_avg:318.07ms
step:107/1530 train_time:34034ms step_avg:318.07ms
step:108/1530 train_time:34351ms step_avg:318.06ms
step:109/1530 train_time:34669ms step_avg:318.06ms
step:110/1530 train_time:34987ms step_avg:318.06ms
step:111/1530 train_time:35306ms step_avg:318.07ms
step:112/1530 train_time:35624ms step_avg:318.07ms
step:113/1530 train_time:35943ms step_avg:318.08ms
step:114/1530 train_time:36262ms step_avg:318.09ms
step:115/1530 train_time:36582ms step_avg:318.10ms
step:116/1530 train_time:36901ms step_avg:318.11ms
step:117/1530 train_time:37221ms step_avg:318.12ms
step:118/1530 train_time:37540ms step_avg:318.13ms
step:119/1530 train_time:37861ms step_avg:318.16ms
step:120/1530 train_time:38180ms step_avg:318.16ms
step:121/1530 train_time:38500ms step_avg:318.18ms
step:122/1530 train_time:38819ms step_avg:318.19ms
step:123/1530 train_time:39139ms step_avg:318.20ms
step:124/1530 train_time:39458ms step_avg:318.21ms
step:125/1530 train_time:39777ms step_avg:318.22ms
step:126/1530 train_time:40097ms step_avg:318.23ms
step:127/1530 train_time:40415ms step_avg:318.23ms
step:128/1530 train_time:40733ms step_avg:318.22ms
step:129/1530 train_time:41052ms step_avg:318.23ms
step:130/1530 train_time:41369ms step_avg:318.22ms
step:131/1530 train_time:41687ms step_avg:318.22ms
step:132/1530 train_time:42007ms step_avg:318.23ms
step:133/1530 train_time:42326ms step_avg:318.24ms
step:134/1530 train_time:42643ms step_avg:318.23ms
step:135/1530 train_time:42964ms step_avg:318.25ms
step:136/1530 train_time:43283ms step_avg:318.26ms
step:137/1530 train_time:43602ms step_avg:318.26ms
step:138/1530 train_time:43923ms step_avg:318.28ms
step:139/1530 train_time:44243ms step_avg:318.30ms
step:140/1530 train_time:44562ms step_avg:318.30ms
step:141/1530 train_time:44882ms step_avg:318.32ms
step:142/1530 train_time:45203ms step_avg:318.33ms
step:143/1530 train_time:45523ms step_avg:318.34ms
step:144/1530 train_time:45841ms step_avg:318.34ms
step:145/1530 train_time:46162ms step_avg:318.36ms
step:146/1530 train_time:46482ms step_avg:318.37ms
step:147/1530 train_time:46802ms step_avg:318.38ms
step:148/1530 train_time:47121ms step_avg:318.39ms
step:149/1530 train_time:47442ms step_avg:318.40ms
step:150/1530 train_time:47761ms step_avg:318.40ms
step:151/1530 train_time:48081ms step_avg:318.42ms
step:152/1530 train_time:48402ms step_avg:318.44ms
step:153/1530 train_time:48721ms step_avg:318.44ms
step:154/1530 train_time:49042ms step_avg:318.45ms
step:155/1530 train_time:49362ms step_avg:318.46ms
step:156/1530 train_time:49681ms step_avg:318.47ms
step:157/1530 train_time:50002ms step_avg:318.49ms
step:158/1530 train_time:50322ms step_avg:318.49ms
step:159/1530 train_time:50641ms step_avg:318.50ms
step:160/1530 train_time:50962ms step_avg:318.51ms
step:161/1530 train_time:51283ms step_avg:318.53ms
step:162/1530 train_time:51602ms step_avg:318.53ms
step:163/1530 train_time:51922ms step_avg:318.54ms
step:164/1530 train_time:52243ms step_avg:318.55ms
step:165/1530 train_time:52563ms step_avg:318.56ms
step:166/1530 train_time:52883ms step_avg:318.57ms
step:167/1530 train_time:53203ms step_avg:318.58ms
step:168/1530 train_time:53523ms step_avg:318.59ms
step:169/1530 train_time:53843ms step_avg:318.60ms
step:170/1530 train_time:54164ms step_avg:318.61ms
step:171/1530 train_time:54484ms step_avg:318.62ms
step:172/1530 train_time:54803ms step_avg:318.62ms
step:173/1530 train_time:55124ms step_avg:318.64ms
step:174/1530 train_time:55444ms step_avg:318.65ms
step:175/1530 train_time:55765ms step_avg:318.66ms
step:176/1530 train_time:56084ms step_avg:318.66ms
step:177/1530 train_time:56405ms step_avg:318.67ms
step:178/1530 train_time:56726ms step_avg:318.68ms
step:179/1530 train_time:57046ms step_avg:318.69ms
step:180/1530 train_time:57365ms step_avg:318.69ms
step:181/1530 train_time:57686ms step_avg:318.71ms
step:182/1530 train_time:58005ms step_avg:318.71ms
step:183/1530 train_time:58325ms step_avg:318.72ms
step:184/1530 train_time:58645ms step_avg:318.72ms
step:185/1530 train_time:58965ms step_avg:318.73ms
step:186/1530 train_time:59285ms step_avg:318.74ms
step:187/1530 train_time:59606ms step_avg:318.75ms
step:188/1530 train_time:59925ms step_avg:318.75ms
step:189/1530 train_time:60246ms step_avg:318.76ms
step:190/1530 train_time:60566ms step_avg:318.77ms
step:191/1530 train_time:60886ms step_avg:318.77ms
step:192/1530 train_time:61206ms step_avg:318.78ms
step:193/1530 train_time:61527ms step_avg:318.79ms
step:194/1530 train_time:61846ms step_avg:318.79ms
step:195/1530 train_time:62167ms step_avg:318.81ms
step:196/1530 train_time:62486ms step_avg:318.80ms
step:197/1530 train_time:62807ms step_avg:318.82ms
step:198/1530 train_time:63127ms step_avg:318.82ms
step:199/1530 train_time:63447ms step_avg:318.83ms
step:200/1530 train_time:63767ms step_avg:318.84ms
step:201/1530 train_time:64088ms step_avg:318.85ms
step:202/1530 train_time:64408ms step_avg:318.85ms
step:203/1530 train_time:64728ms step_avg:318.86ms
step:204/1530 train_time:65047ms step_avg:318.86ms
step:205/1530 train_time:65368ms step_avg:318.87ms
step:206/1530 train_time:65686ms step_avg:318.87ms
step:207/1530 train_time:66007ms step_avg:318.88ms
step:208/1530 train_time:66327ms step_avg:318.88ms
step:209/1530 train_time:66647ms step_avg:318.89ms
step:210/1530 train_time:66967ms step_avg:318.89ms
step:211/1530 train_time:67287ms step_avg:318.90ms
step:212/1530 train_time:67606ms step_avg:318.90ms
step:213/1530 train_time:67928ms step_avg:318.91ms
step:214/1530 train_time:68247ms step_avg:318.91ms
step:215/1530 train_time:68568ms step_avg:318.92ms
step:216/1530 train_time:68887ms step_avg:318.92ms
step:217/1530 train_time:69207ms step_avg:318.93ms
step:218/1530 train_time:69527ms step_avg:318.93ms
step:219/1530 train_time:69847ms step_avg:318.94ms
step:220/1530 train_time:70166ms step_avg:318.94ms
step:221/1530 train_time:70487ms step_avg:318.95ms
step:222/1530 train_time:70807ms step_avg:318.95ms
step:223/1530 train_time:71127ms step_avg:318.95ms
step:224/1530 train_time:71447ms step_avg:318.96ms
step:225/1530 train_time:71766ms step_avg:318.96ms
step:226/1530 train_time:72086ms step_avg:318.97ms
step:227/1530 train_time:72407ms step_avg:318.97ms
step:228/1530 train_time:72725ms step_avg:318.97ms
step:229/1530 train_time:73046ms step_avg:318.98ms
step:230/1530 train_time:73366ms step_avg:318.98ms
step:231/1530 train_time:73686ms step_avg:318.99ms
step:232/1530 train_time:74006ms step_avg:318.99ms
step:233/1530 train_time:74326ms step_avg:319.00ms
step:234/1530 train_time:74646ms step_avg:319.00ms
step:235/1530 train_time:74966ms step_avg:319.00ms
step:236/1530 train_time:75286ms step_avg:319.01ms
step:237/1530 train_time:75606ms step_avg:319.01ms
step:238/1530 train_time:75926ms step_avg:319.02ms
step:239/1530 train_time:76246ms step_avg:319.02ms
step:240/1530 train_time:76566ms step_avg:319.02ms
step:241/1530 train_time:76886ms step_avg:319.03ms
step:242/1530 train_time:77205ms step_avg:319.03ms
step:243/1530 train_time:77525ms step_avg:319.03ms
step:244/1530 train_time:77844ms step_avg:319.03ms
step:245/1530 train_time:78166ms step_avg:319.04ms
step:246/1530 train_time:78485ms step_avg:319.04ms
step:247/1530 train_time:78804ms step_avg:319.05ms
step:248/1530 train_time:79124ms step_avg:319.05ms
step:249/1530 train_time:79444ms step_avg:319.05ms
step:250/1530 train_time:79764ms step_avg:319.05ms
step:250/1530 val_loss[approx]:4.4779npt val_loss[exact]:1.4164bpb val_acc:18.19% train_time:79830ms step_avg:319.32ms
step:251/1530 train_time:80084ms step_avg:319.06ms
step:252/1530 train_time:80400ms step_avg:319.05ms
step:253/1530 train_time:80717ms step_avg:319.04ms
step:254/1530 train_time:81035ms step_avg:319.04ms
step:255/1530 train_time:81354ms step_avg:319.03ms
step:256/1530 train_time:81672ms step_avg:319.03ms
step:257/1530 train_time:81991ms step_avg:319.03ms
step:258/1530 train_time:82309ms step_avg:319.03ms
step:259/1530 train_time:82628ms step_avg:319.03ms
step:260/1530 train_time:82947ms step_avg:319.03ms
step:261/1530 train_time:83267ms step_avg:319.03ms
step:262/1530 train_time:83584ms step_avg:319.02ms
step:263/1530 train_time:83902ms step_avg:319.02ms
step:264/1530 train_time:84220ms step_avg:319.01ms
step:265/1530 train_time:84536ms step_avg:319.00ms
step:266/1530 train_time:84854ms step_avg:319.00ms
step:267/1530 train_time:85172ms step_avg:319.00ms
step:268/1530 train_time:85490ms step_avg:318.99ms
step:269/1530 train_time:85809ms step_avg:318.99ms
step:270/1530 train_time:86127ms step_avg:318.99ms
step:271/1530 train_time:86445ms step_avg:318.99ms
step:272/1530 train_time:86763ms step_avg:318.98ms
step:273/1530 train_time:87080ms step_avg:318.98ms
step:274/1530 train_time:87397ms step_avg:318.97ms
step:275/1530 train_time:87714ms step_avg:318.96ms
step:276/1530 train_time:88032ms step_avg:318.96ms
step:277/1530 train_time:88350ms step_avg:318.95ms
step:278/1530 train_time:88668ms step_avg:318.95ms
step:279/1530 train_time:88987ms step_avg:318.95ms
step:280/1530 train_time:89304ms step_avg:318.94ms
step:281/1530 train_time:89623ms step_avg:318.94ms
step:282/1530 train_time:89939ms step_avg:318.93ms
step:283/1530 train_time:90255ms step_avg:318.92ms
step:284/1530 train_time:90572ms step_avg:318.91ms
step:285/1530 train_time:90890ms step_avg:318.91ms
step:286/1530 train_time:91207ms step_avg:318.90ms
step:287/1530 train_time:91525ms step_avg:318.90ms
step:288/1530 train_time:91842ms step_avg:318.90ms
step:289/1530 train_time:92159ms step_avg:318.89ms
step:290/1530 train_time:92475ms step_avg:318.88ms
step:291/1530 train_time:92792ms step_avg:318.87ms
step:292/1530 train_time:93110ms step_avg:318.87ms
step:293/1530 train_time:93428ms step_avg:318.87ms
step:294/1530 train_time:93746ms step_avg:318.87ms
step:295/1530 train_time:94064ms step_avg:318.86ms
step:296/1530 train_time:94379ms step_avg:318.85ms
step:297/1530 train_time:94696ms step_avg:318.84ms
step:298/1530 train_time:95013ms step_avg:318.83ms
step:299/1530 train_time:95331ms step_avg:318.83ms
step:300/1530 train_time:95648ms step_avg:318.83ms
step:301/1530 train_time:95967ms step_avg:318.83ms
step:302/1530 train_time:96284ms step_avg:318.82ms
step:303/1530 train_time:96599ms step_avg:318.81ms
step:304/1530 train_time:96916ms step_avg:318.80ms
step:305/1530 train_time:97232ms step_avg:318.79ms
step:306/1530 train_time:97550ms step_avg:318.79ms
step:307/1530 train_time:97869ms step_avg:318.79ms
step:308/1530 train_time:98186ms step_avg:318.78ms
step:309/1530 train_time:98503ms step_avg:318.78ms
step:310/1530 train_time:98818ms step_avg:318.77ms
step:311/1530 train_time:99135ms step_avg:318.76ms
step:312/1530 train_time:99452ms step_avg:318.76ms
step:313/1530 train_time:99770ms step_avg:318.75ms
step:314/1530 train_time:100087ms step_avg:318.75ms
step:315/1530 train_time:100404ms step_avg:318.74ms
step:316/1530 train_time:100721ms step_avg:318.74ms
step:317/1530 train_time:101036ms step_avg:318.73ms
step:318/1530 train_time:101352ms step_avg:318.72ms
step:319/1530 train_time:101671ms step_avg:318.72ms
step:320/1530 train_time:101987ms step_avg:318.71ms
step:321/1530 train_time:102304ms step_avg:318.71ms
step:322/1530 train_time:102620ms step_avg:318.70ms
step:323/1530 train_time:102936ms step_avg:318.69ms
step:324/1530 train_time:103252ms step_avg:318.68ms
step:325/1530 train_time:103570ms step_avg:318.68ms
step:326/1530 train_time:103887ms step_avg:318.67ms
step:327/1530 train_time:104204ms step_avg:318.67ms
step:328/1530 train_time:104520ms step_avg:318.66ms
step:329/1530 train_time:104836ms step_avg:318.65ms
step:330/1530 train_time:105151ms step_avg:318.64ms
step:331/1530 train_time:105469ms step_avg:318.64ms
step:332/1530 train_time:105786ms step_avg:318.63ms
step:333/1530 train_time:106103ms step_avg:318.63ms
step:334/1530 train_time:106418ms step_avg:318.62ms
step:335/1530 train_time:106736ms step_avg:318.61ms
step:336/1530 train_time:107052ms step_avg:318.61ms
step:337/1530 train_time:107369ms step_avg:318.60ms
step:338/1530 train_time:107686ms step_avg:318.60ms
step:339/1530 train_time:108003ms step_avg:318.59ms
step:340/1530 train_time:108317ms step_avg:318.58ms
step:341/1530 train_time:108633ms step_avg:318.57ms
step:342/1530 train_time:108950ms step_avg:318.57ms
step:343/1530 train_time:109268ms step_avg:318.56ms
step:344/1530 train_time:109583ms step_avg:318.56ms
step:345/1530 train_time:109899ms step_avg:318.55ms
step:346/1530 train_time:110215ms step_avg:318.54ms
step:347/1530 train_time:110531ms step_avg:318.53ms
step:348/1530 train_time:110848ms step_avg:318.53ms
step:349/1530 train_time:111165ms step_avg:318.53ms
step:350/1530 train_time:111479ms step_avg:318.51ms
step:351/1530 train_time:111796ms step_avg:318.51ms
step:352/1530 train_time:112112ms step_avg:318.50ms
step:353/1530 train_time:112428ms step_avg:318.49ms
step:354/1530 train_time:112746ms step_avg:318.49ms
step:355/1530 train_time:113062ms step_avg:318.48ms
step:356/1530 train_time:113376ms step_avg:318.47ms
step:357/1530 train_time:113693ms step_avg:318.47ms
step:358/1530 train_time:114009ms step_avg:318.46ms
step:359/1530 train_time:114327ms step_avg:318.46ms
step:360/1530 train_time:114642ms step_avg:318.45ms
step:361/1530 train_time:114958ms step_avg:318.44ms
step:362/1530 train_time:115273ms step_avg:318.43ms
step:363/1530 train_time:115590ms step_avg:318.43ms
step:364/1530 train_time:115907ms step_avg:318.43ms
step:365/1530 train_time:116225ms step_avg:318.42ms
step:366/1530 train_time:116539ms step_avg:318.41ms
step:367/1530 train_time:116855ms step_avg:318.41ms
step:368/1530 train_time:117171ms step_avg:318.40ms
step:369/1530 train_time:117488ms step_avg:318.40ms
step:370/1530 train_time:117804ms step_avg:318.39ms
step:371/1530 train_time:118121ms step_avg:318.38ms
step:372/1530 train_time:118434ms step_avg:318.37ms
step:373/1530 train_time:118751ms step_avg:318.37ms
step:374/1530 train_time:119068ms step_avg:318.36ms
step:375/1530 train_time:119385ms step_avg:318.36ms
step:376/1530 train_time:119701ms step_avg:318.35ms
step:377/1530 train_time:120016ms step_avg:318.35ms
step:378/1530 train_time:120331ms step_avg:318.34ms
step:379/1530 train_time:120650ms step_avg:318.34ms
step:380/1530 train_time:120966ms step_avg:318.33ms
step:381/1530 train_time:121281ms step_avg:318.32ms
step:382/1530 train_time:121597ms step_avg:318.32ms
step:383/1530 train_time:121914ms step_avg:318.31ms
step:384/1530 train_time:122229ms step_avg:318.30ms
step:385/1530 train_time:122547ms step_avg:318.30ms
step:386/1530 train_time:122863ms step_avg:318.30ms
step:387/1530 train_time:123178ms step_avg:318.29ms
step:388/1530 train_time:123493ms step_avg:318.28ms
step:389/1530 train_time:123810ms step_avg:318.28ms
step:390/1530 train_time:124126ms step_avg:318.27ms
step:391/1530 train_time:124442ms step_avg:318.27ms
step:392/1530 train_time:124757ms step_avg:318.26ms
step:393/1530 train_time:125073ms step_avg:318.25ms
step:394/1530 train_time:125389ms step_avg:318.25ms
step:395/1530 train_time:125707ms step_avg:318.24ms
step:396/1530 train_time:126021ms step_avg:318.23ms
step:397/1530 train_time:126336ms step_avg:318.23ms
step:398/1530 train_time:126651ms step_avg:318.22ms
step:399/1530 train_time:126969ms step_avg:318.22ms
step:400/1530 train_time:127285ms step_avg:318.21ms
step:401/1530 train_time:127600ms step_avg:318.20ms
step:402/1530 train_time:127915ms step_avg:318.20ms
step:403/1530 train_time:128232ms step_avg:318.19ms
step:404/1530 train_time:128548ms step_avg:318.19ms
step:405/1530 train_time:128864ms step_avg:318.18ms
step:406/1530 train_time:129179ms step_avg:318.17ms
step:407/1530 train_time:129493ms step_avg:318.17ms
step:408/1530 train_time:129809ms step_avg:318.16ms
step:409/1530 train_time:130127ms step_avg:318.16ms
step:410/1530 train_time:130443ms step_avg:318.15ms
step:411/1530 train_time:130758ms step_avg:318.15ms
step:412/1530 train_time:131072ms step_avg:318.14ms
step:413/1530 train_time:131389ms step_avg:318.13ms
step:414/1530 train_time:131704ms step_avg:318.13ms
step:415/1530 train_time:132020ms step_avg:318.12ms
step:416/1530 train_time:132335ms step_avg:318.11ms
step:417/1530 train_time:132652ms step_avg:318.11ms
step:418/1530 train_time:132968ms step_avg:318.11ms
step:419/1530 train_time:133285ms step_avg:318.10ms
step:420/1530 train_time:133598ms step_avg:318.09ms
step:421/1530 train_time:133914ms step_avg:318.09ms
step:422/1530 train_time:134230ms step_avg:318.08ms
step:423/1530 train_time:134547ms step_avg:318.08ms
step:424/1530 train_time:134863ms step_avg:318.07ms
step:425/1530 train_time:135177ms step_avg:318.06ms
step:426/1530 train_time:135492ms step_avg:318.06ms
step:427/1530 train_time:135810ms step_avg:318.06ms
step:428/1530 train_time:136126ms step_avg:318.05ms
step:429/1530 train_time:136441ms step_avg:318.04ms
step:430/1530 train_time:136755ms step_avg:318.04ms
step:431/1530 train_time:137072ms step_avg:318.03ms
step:432/1530 train_time:137388ms step_avg:318.03ms
step:433/1530 train_time:137705ms step_avg:318.03ms
step:434/1530 train_time:138019ms step_avg:318.02ms
step:435/1530 train_time:138334ms step_avg:318.01ms
step:436/1530 train_time:138650ms step_avg:318.00ms
step:437/1530 train_time:138967ms step_avg:318.00ms
step:438/1530 train_time:139282ms step_avg:318.00ms
step:439/1530 train_time:139597ms step_avg:317.99ms
step:440/1530 train_time:139912ms step_avg:317.98ms
step:441/1530 train_time:140229ms step_avg:317.98ms
step:442/1530 train_time:140545ms step_avg:317.97ms
step:443/1530 train_time:140860ms step_avg:317.97ms
step:444/1530 train_time:141175ms step_avg:317.96ms
step:445/1530 train_time:141492ms step_avg:317.96ms
step:446/1530 train_time:141807ms step_avg:317.95ms
step:447/1530 train_time:142123ms step_avg:317.95ms
step:448/1530 train_time:142438ms step_avg:317.94ms
step:449/1530 train_time:142754ms step_avg:317.94ms
step:450/1530 train_time:143069ms step_avg:317.93ms
step:451/1530 train_time:143386ms step_avg:317.93ms
step:452/1530 train_time:143701ms step_avg:317.92ms
step:453/1530 train_time:144016ms step_avg:317.92ms
step:454/1530 train_time:144331ms step_avg:317.91ms
step:455/1530 train_time:144648ms step_avg:317.91ms
step:456/1530 train_time:144964ms step_avg:317.90ms
step:457/1530 train_time:145280ms step_avg:317.90ms
step:458/1530 train_time:145594ms step_avg:317.89ms
step:459/1530 train_time:145911ms step_avg:317.89ms
step:460/1530 train_time:146227ms step_avg:317.88ms
step:461/1530 train_time:146542ms step_avg:317.88ms
step:462/1530 train_time:146858ms step_avg:317.87ms
step:463/1530 train_time:147173ms step_avg:317.87ms
step:464/1530 train_time:147489ms step_avg:317.86ms
step:465/1530 train_time:147805ms step_avg:317.86ms
step:466/1530 train_time:148119ms step_avg:317.85ms
step:467/1530 train_time:148434ms step_avg:317.85ms
step:468/1530 train_time:148749ms step_avg:317.84ms
step:469/1530 train_time:149066ms step_avg:317.84ms
step:470/1530 train_time:149380ms step_avg:317.83ms
step:471/1530 train_time:149696ms step_avg:317.82ms
step:472/1530 train_time:150011ms step_avg:317.82ms
step:473/1530 train_time:150327ms step_avg:317.82ms
step:474/1530 train_time:150642ms step_avg:317.81ms
step:475/1530 train_time:150957ms step_avg:317.80ms
step:476/1530 train_time:151271ms step_avg:317.80ms
step:477/1530 train_time:151588ms step_avg:317.79ms
step:478/1530 train_time:151902ms step_avg:317.79ms
step:479/1530 train_time:152217ms step_avg:317.78ms
step:480/1530 train_time:152532ms step_avg:317.78ms
step:481/1530 train_time:152849ms step_avg:317.77ms
step:482/1530 train_time:153164ms step_avg:317.77ms
step:483/1530 train_time:153480ms step_avg:317.76ms
step:484/1530 train_time:153795ms step_avg:317.76ms
step:485/1530 train_time:154111ms step_avg:317.75ms
step:486/1530 train_time:154427ms step_avg:317.75ms
step:487/1530 train_time:154743ms step_avg:317.75ms
step:488/1530 train_time:155057ms step_avg:317.74ms
step:489/1530 train_time:155373ms step_avg:317.74ms
step:490/1530 train_time:155689ms step_avg:317.73ms
step:491/1530 train_time:156006ms step_avg:317.73ms
step:492/1530 train_time:156321ms step_avg:317.72ms
step:493/1530 train_time:156635ms step_avg:317.72ms
step:494/1530 train_time:156951ms step_avg:317.71ms
step:495/1530 train_time:157267ms step_avg:317.71ms
step:496/1530 train_time:157583ms step_avg:317.71ms
step:497/1530 train_time:157897ms step_avg:317.70ms
step:498/1530 train_time:158446ms step_avg:318.16ms
step:499/1530 train_time:159035ms step_avg:318.71ms
step:500/1530 train_time:159628ms step_avg:319.26ms
step:500/1530 val_loss[approx]:4.3222npt val_loss[exact]:1.3671bpb val_acc:19.38% train_time:159743ms step_avg:319.49ms
step:501/1530 train_time:160219ms step_avg:319.80ms
step:502/1530 train_time:160809ms step_avg:320.34ms
step:503/1530 train_time:161399ms step_avg:320.87ms
step:504/1530 train_time:161990ms step_avg:321.41ms
step:505/1530 train_time:162582ms step_avg:321.94ms
step:506/1530 train_time:163172ms step_avg:322.47ms
step:507/1530 train_time:163763ms step_avg:323.00ms
step:508/1530 train_time:164353ms step_avg:323.53ms
step:509/1530 train_time:164943ms step_avg:324.05ms
step:510/1530 train_time:165534ms step_avg:324.58ms
step:511/1530 train_time:166124ms step_avg:325.10ms
step:512/1530 train_time:166716ms step_avg:325.62ms
step:513/1530 train_time:167307ms step_avg:326.13ms
step:514/1530 train_time:167898ms step_avg:326.65ms
step:515/1530 train_time:168487ms step_avg:327.16ms
step:516/1530 train_time:169079ms step_avg:327.67ms
step:517/1530 train_time:169671ms step_avg:328.18ms
step:518/1530 train_time:170260ms step_avg:328.69ms
step:519/1530 train_time:170851ms step_avg:329.19ms
step:520/1530 train_time:171439ms step_avg:329.69ms
step:521/1530 train_time:172032ms step_avg:330.20ms
step:522/1530 train_time:172624ms step_avg:330.70ms
step:523/1530 train_time:173213ms step_avg:331.19ms
step:524/1530 train_time:173806ms step_avg:331.69ms
step:525/1530 train_time:174395ms step_avg:332.18ms
step:526/1530 train_time:174987ms step_avg:332.67ms
step:527/1530 train_time:175578ms step_avg:333.17ms
step:528/1530 train_time:176168ms step_avg:333.65ms
step:529/1530 train_time:176760ms step_avg:334.14ms
step:530/1530 train_time:177350ms step_avg:334.62ms
step:531/1530 train_time:177943ms step_avg:335.11ms
step:532/1530 train_time:178531ms step_avg:335.58ms
step:533/1530 train_time:179121ms step_avg:336.06ms
step:534/1530 train_time:179713ms step_avg:336.54ms
step:535/1530 train_time:180304ms step_avg:337.02ms
step:536/1530 train_time:180896ms step_avg:337.49ms
step:537/1530 train_time:181487ms step_avg:337.97ms
step:538/1530 train_time:182080ms step_avg:338.44ms
step:539/1530 train_time:182671ms step_avg:338.91ms
step:540/1530 train_time:183265ms step_avg:339.38ms
step:541/1530 train_time:183856ms step_avg:339.84ms
step:542/1530 train_time:184447ms step_avg:340.31ms
step:543/1530 train_time:185038ms step_avg:340.77ms
step:544/1530 train_time:185629ms step_avg:341.23ms
step:545/1530 train_time:186220ms step_avg:341.69ms
step:546/1530 train_time:186811ms step_avg:342.14ms
step:547/1530 train_time:187401ms step_avg:342.60ms
step:548/1530 train_time:187996ms step_avg:343.06ms
step:549/1530 train_time:188585ms step_avg:343.51ms
step:550/1530 train_time:189176ms step_avg:343.96ms
step:551/1530 train_time:189767ms step_avg:344.40ms
step:552/1530 train_time:190357ms step_avg:344.85ms
step:553/1530 train_time:190948ms step_avg:345.30ms
step:554/1530 train_time:191540ms step_avg:345.74ms
step:555/1530 train_time:192132ms step_avg:346.18ms
step:556/1530 train_time:192723ms step_avg:346.62ms
step:557/1530 train_time:193315ms step_avg:347.06ms
step:558/1530 train_time:193906ms step_avg:347.50ms
step:559/1530 train_time:194496ms step_avg:347.93ms
step:560/1530 train_time:195088ms step_avg:348.37ms
step:561/1530 train_time:195678ms step_avg:348.80ms
step:562/1530 train_time:196267ms step_avg:349.23ms
step:563/1530 train_time:196857ms step_avg:349.66ms
step:564/1530 train_time:197447ms step_avg:350.08ms
step:565/1530 train_time:198037ms step_avg:350.51ms
step:566/1530 train_time:198626ms step_avg:350.93ms
step:567/1530 train_time:199215ms step_avg:351.35ms
step:568/1530 train_time:199808ms step_avg:351.77ms
step:569/1530 train_time:200397ms step_avg:352.19ms
step:570/1530 train_time:200985ms step_avg:352.61ms
step:571/1530 train_time:201576ms step_avg:353.02ms
step:572/1530 train_time:202165ms step_avg:353.44ms
step:573/1530 train_time:202755ms step_avg:353.85ms
step:574/1530 train_time:203348ms step_avg:354.26ms
step:575/1530 train_time:203939ms step_avg:354.68ms
step:576/1530 train_time:204528ms step_avg:355.08ms
step:577/1530 train_time:205119ms step_avg:355.49ms
step:578/1530 train_time:205709ms step_avg:355.90ms
step:579/1530 train_time:206300ms step_avg:356.30ms
step:580/1530 train_time:206890ms step_avg:356.71ms
step:581/1530 train_time:207480ms step_avg:357.11ms
step:582/1530 train_time:208066ms step_avg:357.50ms
step:583/1530 train_time:208660ms step_avg:357.91ms
step:584/1530 train_time:209248ms step_avg:358.30ms
step:585/1530 train_time:209841ms step_avg:358.70ms
step:586/1530 train_time:210431ms step_avg:359.10ms
step:587/1530 train_time:211020ms step_avg:359.49ms
step:588/1530 train_time:211610ms step_avg:359.88ms
step:589/1530 train_time:212200ms step_avg:360.27ms
step:590/1530 train_time:212789ms step_avg:360.66ms
step:591/1530 train_time:213381ms step_avg:361.05ms
step:592/1530 train_time:213972ms step_avg:361.44ms
step:593/1530 train_time:214562ms step_avg:361.83ms
step:594/1530 train_time:215153ms step_avg:362.21ms
step:595/1530 train_time:215745ms step_avg:362.60ms
step:596/1530 train_time:216334ms step_avg:362.98ms
step:597/1530 train_time:216925ms step_avg:363.36ms
step:598/1530 train_time:217515ms step_avg:363.74ms
step:599/1530 train_time:218106ms step_avg:364.12ms
step:600/1530 train_time:218694ms step_avg:364.49ms
step:601/1530 train_time:219281ms step_avg:364.86ms
step:602/1530 train_time:219871ms step_avg:365.23ms
step:603/1530 train_time:220461ms step_avg:365.61ms
step:604/1530 train_time:221051ms step_avg:365.98ms
step:605/1530 train_time:221640ms step_avg:366.35ms
step:606/1530 train_time:222230ms step_avg:366.72ms
step:607/1530 train_time:222819ms step_avg:367.08ms
step:608/1530 train_time:223409ms step_avg:367.45ms
step:609/1530 train_time:224000ms step_avg:367.82ms
step:610/1530 train_time:224589ms step_avg:368.18ms
step:611/1530 train_time:225180ms step_avg:368.54ms
step:612/1530 train_time:225772ms step_avg:368.91ms
step:613/1530 train_time:226362ms step_avg:369.27ms
step:614/1530 train_time:226953ms step_avg:369.63ms
step:615/1530 train_time:227543ms step_avg:369.99ms
step:616/1530 train_time:228133ms step_avg:370.35ms
step:617/1530 train_time:228722ms step_avg:370.70ms
step:618/1530 train_time:229312ms step_avg:371.06ms
step:619/1530 train_time:229904ms step_avg:371.41ms
step:620/1530 train_time:230492ms step_avg:371.76ms
step:621/1530 train_time:231083ms step_avg:372.11ms
step:622/1530 train_time:231672ms step_avg:372.46ms
step:623/1530 train_time:232263ms step_avg:372.81ms
step:624/1530 train_time:232853ms step_avg:373.16ms
step:625/1530 train_time:233442ms step_avg:373.51ms
step:626/1530 train_time:234033ms step_avg:373.85ms
step:627/1530 train_time:234623ms step_avg:374.20ms
step:628/1530 train_time:235215ms step_avg:374.55ms
step:629/1530 train_time:235806ms step_avg:374.89ms
step:630/1530 train_time:236396ms step_avg:375.23ms
step:631/1530 train_time:236988ms step_avg:375.58ms
step:632/1530 train_time:237579ms step_avg:375.92ms
step:633/1530 train_time:238171ms step_avg:376.26ms
step:634/1530 train_time:238761ms step_avg:376.59ms
step:635/1530 train_time:239351ms step_avg:376.93ms
step:636/1530 train_time:239941ms step_avg:377.27ms
step:637/1530 train_time:240530ms step_avg:377.60ms
step:638/1530 train_time:241121ms step_avg:377.93ms
step:639/1530 train_time:241710ms step_avg:378.26ms
step:640/1530 train_time:242302ms step_avg:378.60ms
step:641/1530 train_time:242891ms step_avg:378.93ms
step:642/1530 train_time:243481ms step_avg:379.25ms
step:643/1530 train_time:244071ms step_avg:379.58ms
step:644/1530 train_time:244663ms step_avg:379.91ms
step:645/1530 train_time:245252ms step_avg:380.24ms
step:646/1530 train_time:245843ms step_avg:380.56ms
step:647/1530 train_time:246432ms step_avg:380.88ms
step:648/1530 train_time:247022ms step_avg:381.21ms
step:649/1530 train_time:247612ms step_avg:381.53ms
step:650/1530 train_time:248202ms step_avg:381.85ms
step:651/1530 train_time:248791ms step_avg:382.17ms
step:652/1530 train_time:249384ms step_avg:382.49ms
step:653/1530 train_time:249977ms step_avg:382.81ms
step:654/1530 train_time:250568ms step_avg:383.13ms
step:655/1530 train_time:251158ms step_avg:383.45ms
step:656/1530 train_time:251750ms step_avg:383.76ms
step:657/1530 train_time:252341ms step_avg:384.08ms
step:658/1530 train_time:252934ms step_avg:384.40ms
step:659/1530 train_time:253524ms step_avg:384.71ms
step:660/1530 train_time:254117ms step_avg:385.03ms
step:661/1530 train_time:254708ms step_avg:385.34ms
step:662/1530 train_time:255301ms step_avg:385.65ms
step:663/1530 train_time:255894ms step_avg:385.96ms
step:664/1530 train_time:256485ms step_avg:386.27ms
step:665/1530 train_time:257075ms step_avg:386.58ms
step:666/1530 train_time:257667ms step_avg:386.89ms
step:667/1530 train_time:258259ms step_avg:387.19ms
step:668/1530 train_time:258850ms step_avg:387.50ms
step:669/1530 train_time:259440ms step_avg:387.80ms
step:670/1530 train_time:260032ms step_avg:388.11ms
step:671/1530 train_time:260624ms step_avg:388.41ms
step:672/1530 train_time:261214ms step_avg:388.71ms
step:673/1530 train_time:261805ms step_avg:389.01ms
step:674/1530 train_time:262397ms step_avg:389.31ms
step:675/1530 train_time:262988ms step_avg:389.61ms
step:676/1530 train_time:263584ms step_avg:389.92ms
step:677/1530 train_time:264174ms step_avg:390.21ms
step:678/1530 train_time:264766ms step_avg:390.51ms
step:679/1530 train_time:265358ms step_avg:390.81ms
step:680/1530 train_time:265950ms step_avg:391.10ms
step:681/1530 train_time:266539ms step_avg:391.39ms
step:682/1530 train_time:267131ms step_avg:391.69ms
step:683/1530 train_time:267723ms step_avg:391.98ms
step:684/1530 train_time:268313ms step_avg:392.27ms
step:685/1530 train_time:268903ms step_avg:392.56ms
step:686/1530 train_time:269496ms step_avg:392.85ms
step:687/1530 train_time:270088ms step_avg:393.14ms
step:688/1530 train_time:270679ms step_avg:393.43ms
step:689/1530 train_time:271269ms step_avg:393.71ms
step:690/1530 train_time:271859ms step_avg:394.00ms
step:691/1530 train_time:272450ms step_avg:394.28ms
step:692/1530 train_time:273040ms step_avg:394.57ms
step:693/1530 train_time:273630ms step_avg:394.85ms
step:694/1530 train_time:274222ms step_avg:395.13ms
step:695/1530 train_time:274814ms step_avg:395.42ms
step:696/1530 train_time:275406ms step_avg:395.70ms
step:697/1530 train_time:275995ms step_avg:395.98ms
step:698/1530 train_time:276587ms step_avg:396.26ms
step:699/1530 train_time:277179ms step_avg:396.54ms
step:700/1530 train_time:277770ms step_avg:396.81ms
step:701/1530 train_time:278362ms step_avg:397.09ms
step:702/1530 train_time:278953ms step_avg:397.37ms
step:703/1530 train_time:279543ms step_avg:397.64ms
step:704/1530 train_time:280134ms step_avg:397.92ms
step:705/1530 train_time:280725ms step_avg:398.19ms
step:706/1530 train_time:281315ms step_avg:398.46ms
step:707/1530 train_time:281907ms step_avg:398.74ms
step:708/1530 train_time:282499ms step_avg:399.01ms
step:709/1530 train_time:283092ms step_avg:399.28ms
step:710/1530 train_time:283683ms step_avg:399.55ms
step:711/1530 train_time:284274ms step_avg:399.82ms
step:712/1530 train_time:284867ms step_avg:400.09ms
step:713/1530 train_time:285458ms step_avg:400.36ms
step:714/1530 train_time:286049ms step_avg:400.63ms
step:715/1530 train_time:286640ms step_avg:400.90ms
step:716/1530 train_time:287231ms step_avg:401.16ms
step:717/1530 train_time:287820ms step_avg:401.42ms
step:718/1530 train_time:288411ms step_avg:401.69ms
step:719/1530 train_time:289002ms step_avg:401.95ms
step:720/1530 train_time:289592ms step_avg:402.21ms
step:721/1530 train_time:290183ms step_avg:402.47ms
step:722/1530 train_time:290775ms step_avg:402.74ms
step:723/1530 train_time:291364ms step_avg:402.99ms
step:724/1530 train_time:291958ms step_avg:403.26ms
step:725/1530 train_time:292550ms step_avg:403.52ms
step:726/1530 train_time:293143ms step_avg:403.78ms
step:727/1530 train_time:293734ms step_avg:404.04ms
step:728/1530 train_time:294326ms step_avg:404.29ms
step:729/1530 train_time:294918ms step_avg:404.55ms
step:730/1530 train_time:295510ms step_avg:404.81ms
step:731/1530 train_time:296104ms step_avg:405.07ms
step:732/1530 train_time:296693ms step_avg:405.32ms
step:733/1530 train_time:297283ms step_avg:405.57ms
step:734/1530 train_time:297876ms step_avg:405.83ms
step:735/1530 train_time:298466ms step_avg:406.08ms
step:736/1530 train_time:299058ms step_avg:406.33ms
step:737/1530 train_time:299648ms step_avg:406.58ms
step:738/1530 train_time:300241ms step_avg:406.83ms
step:739/1530 train_time:300832ms step_avg:407.08ms
step:740/1530 train_time:301422ms step_avg:407.33ms
step:741/1530 train_time:302014ms step_avg:407.58ms
step:742/1530 train_time:302605ms step_avg:407.82ms
step:743/1530 train_time:303196ms step_avg:408.07ms
step:744/1530 train_time:303787ms step_avg:408.32ms
step:745/1530 train_time:304379ms step_avg:408.56ms
step:746/1530 train_time:304971ms step_avg:408.81ms
step:747/1530 train_time:305564ms step_avg:409.06ms
step:748/1530 train_time:306154ms step_avg:409.30ms
step:749/1530 train_time:306746ms step_avg:409.54ms
step:750/1530 train_time:307336ms step_avg:409.78ms
step:750/1530 val_loss[approx]:3.8449npt val_loss[exact]:1.2161bpb val_acc:24.45% train_time:307453ms step_avg:409.94ms
step:751/1530 train_time:307931ms step_avg:410.03ms
step:752/1530 train_time:308523ms step_avg:410.27ms
step:753/1530 train_time:309115ms step_avg:410.51ms
step:754/1530 train_time:309707ms step_avg:410.75ms
step:755/1530 train_time:310300ms step_avg:410.99ms
step:756/1530 train_time:310890ms step_avg:411.23ms
step:757/1530 train_time:311482ms step_avg:411.47ms
step:758/1530 train_time:312073ms step_avg:411.71ms
step:759/1530 train_time:312668ms step_avg:411.95ms
step:760/1530 train_time:313259ms step_avg:412.18ms
step:761/1530 train_time:313851ms step_avg:412.42ms
step:762/1530 train_time:314442ms step_avg:412.65ms
step:763/1530 train_time:315033ms step_avg:412.89ms
step:764/1530 train_time:315623ms step_avg:413.12ms
step:765/1530 train_time:316215ms step_avg:413.35ms
step:766/1530 train_time:316806ms step_avg:413.59ms
step:767/1530 train_time:317396ms step_avg:413.81ms
step:768/1530 train_time:317989ms step_avg:414.05ms
step:769/1530 train_time:318579ms step_avg:414.28ms
step:770/1530 train_time:319172ms step_avg:414.51ms
step:771/1530 train_time:319764ms step_avg:414.74ms
step:772/1530 train_time:320356ms step_avg:414.97ms
step:773/1530 train_time:320945ms step_avg:415.19ms
step:774/1530 train_time:321536ms step_avg:415.42ms
step:775/1530 train_time:322128ms step_avg:415.65ms
step:776/1530 train_time:322723ms step_avg:415.88ms
step:777/1530 train_time:323315ms step_avg:416.11ms
step:778/1530 train_time:323906ms step_avg:416.33ms
step:779/1530 train_time:324498ms step_avg:416.56ms
step:780/1530 train_time:325091ms step_avg:416.78ms
step:781/1530 train_time:325683ms step_avg:417.01ms
step:782/1530 train_time:326276ms step_avg:417.23ms
step:783/1530 train_time:326868ms step_avg:417.46ms
step:784/1530 train_time:327459ms step_avg:417.68ms
step:785/1530 train_time:328051ms step_avg:417.90ms
step:786/1530 train_time:328642ms step_avg:418.12ms
step:787/1530 train_time:329234ms step_avg:418.34ms
step:788/1530 train_time:329828ms step_avg:418.56ms
step:789/1530 train_time:330418ms step_avg:418.78ms
step:790/1530 train_time:331008ms step_avg:419.00ms
step:791/1530 train_time:331601ms step_avg:419.22ms
step:792/1530 train_time:332195ms step_avg:419.44ms
step:793/1530 train_time:332786ms step_avg:419.65ms
step:794/1530 train_time:333379ms step_avg:419.87ms
step:795/1530 train_time:333972ms step_avg:420.09ms
step:796/1530 train_time:334563ms step_avg:420.30ms
step:797/1530 train_time:335156ms step_avg:420.52ms
step:798/1530 train_time:335746ms step_avg:420.73ms
step:799/1530 train_time:336339ms step_avg:420.95ms
step:800/1530 train_time:336928ms step_avg:421.16ms
step:801/1530 train_time:337521ms step_avg:421.37ms
step:802/1530 train_time:338113ms step_avg:421.59ms
step:803/1530 train_time:338704ms step_avg:421.80ms
step:804/1530 train_time:339295ms step_avg:422.01ms
step:805/1530 train_time:339887ms step_avg:422.22ms
step:806/1530 train_time:340478ms step_avg:422.43ms
step:807/1530 train_time:341068ms step_avg:422.64ms
step:808/1530 train_time:341659ms step_avg:422.85ms
step:809/1530 train_time:342250ms step_avg:423.05ms
step:810/1530 train_time:342843ms step_avg:423.26ms
step:811/1530 train_time:343435ms step_avg:423.47ms
step:812/1530 train_time:344027ms step_avg:423.68ms
step:813/1530 train_time:344618ms step_avg:423.88ms
step:814/1530 train_time:345210ms step_avg:424.09ms
step:815/1530 train_time:345802ms step_avg:424.30ms
step:816/1530 train_time:346395ms step_avg:424.50ms
step:817/1530 train_time:346984ms step_avg:424.71ms
step:818/1530 train_time:347577ms step_avg:424.91ms
step:819/1530 train_time:348169ms step_avg:425.11ms
step:820/1530 train_time:348762ms step_avg:425.32ms
step:821/1530 train_time:349354ms step_avg:425.52ms
step:822/1530 train_time:349945ms step_avg:425.72ms
step:823/1530 train_time:350538ms step_avg:425.93ms
step:824/1530 train_time:351130ms step_avg:426.13ms
step:825/1530 train_time:351721ms step_avg:426.33ms
step:826/1530 train_time:352314ms step_avg:426.53ms
step:827/1530 train_time:352906ms step_avg:426.73ms
step:828/1530 train_time:353497ms step_avg:426.93ms
step:829/1530 train_time:354089ms step_avg:427.13ms
step:830/1530 train_time:354682ms step_avg:427.33ms
step:831/1530 train_time:355273ms step_avg:427.52ms
step:832/1530 train_time:355865ms step_avg:427.72ms
step:833/1530 train_time:356456ms step_avg:427.92ms
step:834/1530 train_time:357047ms step_avg:428.11ms
step:835/1530 train_time:357639ms step_avg:428.31ms
step:836/1530 train_time:358232ms step_avg:428.51ms
step:837/1530 train_time:358824ms step_avg:428.70ms
step:838/1530 train_time:359415ms step_avg:428.90ms
step:839/1530 train_time:360004ms step_avg:429.09ms
step:840/1530 train_time:360598ms step_avg:429.28ms
step:841/1530 train_time:361188ms step_avg:429.47ms
step:842/1530 train_time:361779ms step_avg:429.67ms
step:843/1530 train_time:362372ms step_avg:429.86ms
step:844/1530 train_time:362963ms step_avg:430.05ms
step:845/1530 train_time:363555ms step_avg:430.24ms
step:846/1530 train_time:364146ms step_avg:430.43ms
step:847/1530 train_time:364738ms step_avg:430.62ms
step:848/1530 train_time:365327ms step_avg:430.81ms
step:849/1530 train_time:365918ms step_avg:431.00ms
step:850/1530 train_time:366509ms step_avg:431.19ms
step:851/1530 train_time:367100ms step_avg:431.37ms
step:852/1530 train_time:367692ms step_avg:431.56ms
step:853/1530 train_time:368283ms step_avg:431.75ms
step:854/1530 train_time:368874ms step_avg:431.94ms
step:855/1530 train_time:369465ms step_avg:432.12ms
step:856/1530 train_time:370057ms step_avg:432.31ms
step:857/1530 train_time:370649ms step_avg:432.50ms
step:858/1530 train_time:371242ms step_avg:432.68ms
step:859/1530 train_time:371835ms step_avg:432.87ms
step:860/1530 train_time:372425ms step_avg:433.05ms
step:861/1530 train_time:373018ms step_avg:433.24ms
step:862/1530 train_time:373607ms step_avg:433.42ms
step:863/1530 train_time:374198ms step_avg:433.60ms
step:864/1530 train_time:374792ms step_avg:433.79ms
step:865/1530 train_time:375381ms step_avg:433.97ms
step:866/1530 train_time:375972ms step_avg:434.15ms
step:867/1530 train_time:376561ms step_avg:434.33ms
step:868/1530 train_time:377151ms step_avg:434.51ms
step:869/1530 train_time:377742ms step_avg:434.69ms
step:870/1530 train_time:378333ms step_avg:434.87ms
step:871/1530 train_time:378922ms step_avg:435.04ms
step:872/1530 train_time:379516ms step_avg:435.22ms
step:873/1530 train_time:380103ms step_avg:435.40ms
step:874/1530 train_time:380695ms step_avg:435.58ms
step:875/1530 train_time:381286ms step_avg:435.76ms
step:876/1530 train_time:381879ms step_avg:435.93ms
step:877/1530 train_time:382473ms step_avg:436.12ms
step:878/1530 train_time:383066ms step_avg:436.29ms
step:879/1530 train_time:383657ms step_avg:436.47ms
step:880/1530 train_time:384250ms step_avg:436.65ms
step:881/1530 train_time:384840ms step_avg:436.82ms
step:882/1530 train_time:385432ms step_avg:437.00ms
step:883/1530 train_time:386023ms step_avg:437.17ms
step:884/1530 train_time:386616ms step_avg:437.35ms
step:885/1530 train_time:387205ms step_avg:437.52ms
step:886/1530 train_time:387799ms step_avg:437.70ms
step:887/1530 train_time:388392ms step_avg:437.87ms
step:888/1530 train_time:388983ms step_avg:438.04ms
step:889/1530 train_time:389577ms step_avg:438.22ms
step:890/1530 train_time:390166ms step_avg:438.39ms
step:891/1530 train_time:390759ms step_avg:438.56ms
step:892/1530 train_time:391349ms step_avg:438.73ms
step:893/1530 train_time:391941ms step_avg:438.90ms
step:894/1530 train_time:392531ms step_avg:439.07ms
step:895/1530 train_time:393122ms step_avg:439.24ms
step:896/1530 train_time:393713ms step_avg:439.41ms
step:897/1530 train_time:394305ms step_avg:439.58ms
step:898/1530 train_time:394897ms step_avg:439.75ms
step:899/1530 train_time:395491ms step_avg:439.92ms
step:900/1530 train_time:396082ms step_avg:440.09ms
step:901/1530 train_time:396673ms step_avg:440.26ms
step:902/1530 train_time:397264ms step_avg:440.43ms
step:903/1530 train_time:397858ms step_avg:440.60ms
step:904/1530 train_time:398451ms step_avg:440.76ms
step:905/1530 train_time:399041ms step_avg:440.93ms
step:906/1530 train_time:399633ms step_avg:441.10ms
step:907/1530 train_time:400224ms step_avg:441.26ms
step:908/1530 train_time:400815ms step_avg:441.43ms
step:909/1530 train_time:401407ms step_avg:441.59ms
step:910/1530 train_time:401998ms step_avg:441.76ms
step:911/1530 train_time:402590ms step_avg:441.92ms
step:912/1530 train_time:403184ms step_avg:442.09ms
step:913/1530 train_time:403775ms step_avg:442.25ms
step:914/1530 train_time:404368ms step_avg:442.42ms
step:915/1530 train_time:404958ms step_avg:442.58ms
step:916/1530 train_time:405550ms step_avg:442.74ms
step:917/1530 train_time:406143ms step_avg:442.90ms
step:918/1530 train_time:406734ms step_avg:443.07ms
step:919/1530 train_time:407324ms step_avg:443.23ms
step:920/1530 train_time:407916ms step_avg:443.39ms
step:921/1530 train_time:408505ms step_avg:443.54ms
step:922/1530 train_time:409097ms step_avg:443.71ms
step:923/1530 train_time:409689ms step_avg:443.87ms
step:924/1530 train_time:410280ms step_avg:444.03ms
step:925/1530 train_time:410870ms step_avg:444.18ms
step:926/1530 train_time:411463ms step_avg:444.34ms
step:927/1530 train_time:412055ms step_avg:444.50ms
step:928/1530 train_time:412647ms step_avg:444.66ms
step:929/1530 train_time:413239ms step_avg:444.82ms
step:930/1530 train_time:413830ms step_avg:444.98ms
step:931/1530 train_time:414423ms step_avg:445.14ms
step:932/1530 train_time:415014ms step_avg:445.29ms
step:933/1530 train_time:415605ms step_avg:445.45ms
step:934/1530 train_time:416197ms step_avg:445.61ms
step:935/1530 train_time:416788ms step_avg:445.76ms
step:936/1530 train_time:417378ms step_avg:445.92ms
step:937/1530 train_time:417972ms step_avg:446.07ms
step:938/1530 train_time:418564ms step_avg:446.23ms
step:939/1530 train_time:419155ms step_avg:446.38ms
step:940/1530 train_time:419745ms step_avg:446.54ms
step:941/1530 train_time:420338ms step_avg:446.69ms
step:942/1530 train_time:420929ms step_avg:446.85ms
step:943/1530 train_time:421522ms step_avg:447.00ms
step:944/1530 train_time:422114ms step_avg:447.15ms
step:945/1530 train_time:422705ms step_avg:447.31ms
step:946/1530 train_time:423299ms step_avg:447.46ms
step:947/1530 train_time:423892ms step_avg:447.62ms
step:948/1530 train_time:424485ms step_avg:447.77ms
step:949/1530 train_time:425076ms step_avg:447.92ms
step:950/1530 train_time:425670ms step_avg:448.07ms
step:951/1530 train_time:426259ms step_avg:448.22ms
step:952/1530 train_time:426851ms step_avg:448.37ms
step:953/1530 train_time:427439ms step_avg:448.52ms
step:954/1530 train_time:428031ms step_avg:448.67ms
step:955/1530 train_time:428623ms step_avg:448.82ms
step:956/1530 train_time:429212ms step_avg:448.97ms
step:957/1530 train_time:429803ms step_avg:449.12ms
step:958/1530 train_time:430395ms step_avg:449.26ms
step:959/1530 train_time:430987ms step_avg:449.41ms
step:960/1530 train_time:431579ms step_avg:449.56ms
step:961/1530 train_time:432171ms step_avg:449.71ms
step:962/1530 train_time:432761ms step_avg:449.86ms
step:963/1530 train_time:433352ms step_avg:450.00ms
step:964/1530 train_time:433943ms step_avg:450.15ms
step:965/1530 train_time:434534ms step_avg:450.29ms
step:966/1530 train_time:435125ms step_avg:450.44ms
step:967/1530 train_time:435719ms step_avg:450.59ms
step:968/1530 train_time:436310ms step_avg:450.73ms
step:969/1530 train_time:436902ms step_avg:450.88ms
step:970/1530 train_time:437492ms step_avg:451.02ms
step:971/1530 train_time:438082ms step_avg:451.17ms
step:972/1530 train_time:438673ms step_avg:451.31ms
step:973/1530 train_time:439265ms step_avg:451.45ms
step:974/1530 train_time:439855ms step_avg:451.60ms
step:975/1530 train_time:440445ms step_avg:451.74ms
step:976/1530 train_time:441038ms step_avg:451.88ms
step:977/1530 train_time:441627ms step_avg:452.02ms
step:978/1530 train_time:442220ms step_avg:452.17ms
step:979/1530 train_time:442811ms step_avg:452.31ms
step:980/1530 train_time:443403ms step_avg:452.45ms
step:981/1530 train_time:443995ms step_avg:452.59ms
step:982/1530 train_time:444584ms step_avg:452.73ms
step:983/1530 train_time:445177ms step_avg:452.88ms
step:984/1530 train_time:445767ms step_avg:453.01ms
step:985/1530 train_time:446358ms step_avg:453.15ms
step:986/1530 train_time:446949ms step_avg:453.30ms
step:987/1530 train_time:447540ms step_avg:453.43ms
step:988/1530 train_time:448133ms step_avg:453.58ms
step:989/1530 train_time:448722ms step_avg:453.71ms
step:990/1530 train_time:449314ms step_avg:453.85ms
step:991/1530 train_time:449903ms step_avg:453.99ms
step:992/1530 train_time:450494ms step_avg:454.13ms
step:993/1530 train_time:451085ms step_avg:454.27ms
step:994/1530 train_time:451931ms step_avg:454.66ms
step:995/1530 train_time:452809ms step_avg:455.08ms
step:996/1530 train_time:453689ms step_avg:455.51ms
step:997/1530 train_time:454566ms step_avg:455.93ms
step:998/1530 train_time:455444ms step_avg:456.36ms
step:999/1530 train_time:456324ms step_avg:456.78ms
step:1000/1530 train_time:457204ms step_avg:457.20ms
step:1000/1530 val_loss[approx]:3.5532npt val_loss[exact]:1.1239bpb val_acc:26.51% train_time:457361ms step_avg:457.36ms
step:1001/1530 train_time:458109ms step_avg:457.65ms
step:1002/1530 train_time:458986ms step_avg:458.07ms
step:1003/1530 train_time:459867ms step_avg:458.49ms
step:1004/1530 train_time:460750ms step_avg:458.91ms
step:1005/1530 train_time:461628ms step_avg:459.33ms
step:1006/1530 train_time:462504ms step_avg:459.75ms
step:1007/1530 train_time:463381ms step_avg:460.16ms
step:1008/1530 train_time:464262ms step_avg:460.58ms
step:1009/1530 train_time:465143ms step_avg:460.99ms
step:1010/1530 train_time:466024ms step_avg:461.41ms
step:1011/1530 train_time:466903ms step_avg:461.82ms
step:1012/1530 train_time:467784ms step_avg:462.24ms
step:1013/1530 train_time:468664ms step_avg:462.65ms
step:1014/1530 train_time:469545ms step_avg:463.06ms
step:1015/1530 train_time:470424ms step_avg:463.47ms
step:1016/1530 train_time:471302ms step_avg:463.88ms
step:1017/1530 train_time:472180ms step_avg:464.29ms
step:1018/1530 train_time:473063ms step_avg:464.70ms
step:1019/1530 train_time:473942ms step_avg:465.11ms
step:1020/1530 train_time:474822ms step_avg:465.51ms
step:1021/1530 train_time:475701ms step_avg:465.92ms
step:1022/1530 train_time:476580ms step_avg:466.32ms
step:1023/1530 train_time:477460ms step_avg:466.72ms
step:1024/1530 train_time:478341ms step_avg:467.13ms
step:1025/1530 train_time:479221ms step_avg:467.53ms
step:1026/1530 train_time:480097ms step_avg:467.93ms
step:1027/1530 train_time:480979ms step_avg:468.33ms
step:1028/1530 train_time:481861ms step_avg:468.74ms
step:1029/1530 train_time:482741ms step_avg:469.14ms
step:1030/1530 train_time:483623ms step_avg:469.54ms
step:1031/1530 train_time:484502ms step_avg:469.93ms
step:1032/1530 train_time:485384ms step_avg:470.33ms
step:1033/1530 train_time:486261ms step_avg:470.73ms
step:1034/1530 train_time:487142ms step_avg:471.12ms
step:1035/1530 train_time:488021ms step_avg:471.52ms
step:1036/1530 train_time:488902ms step_avg:471.91ms
step:1037/1530 train_time:489781ms step_avg:472.31ms
step:1038/1530 train_time:490662ms step_avg:472.70ms
step:1039/1530 train_time:491543ms step_avg:473.09ms
step:1040/1530 train_time:492422ms step_avg:473.48ms
step:1041/1530 train_time:493302ms step_avg:473.87ms
step:1042/1530 train_time:494182ms step_avg:474.26ms
step:1043/1530 train_time:495061ms step_avg:474.65ms
step:1044/1530 train_time:495941ms step_avg:475.04ms
step:1045/1530 train_time:496820ms step_avg:475.43ms
step:1046/1530 train_time:497700ms step_avg:475.81ms
step:1047/1530 train_time:498578ms step_avg:476.20ms
step:1048/1530 train_time:499459ms step_avg:476.58ms
step:1049/1530 train_time:500337ms step_avg:476.97ms
step:1050/1530 train_time:501215ms step_avg:477.35ms
step:1051/1530 train_time:502093ms step_avg:477.73ms
step:1052/1530 train_time:502973ms step_avg:478.11ms
step:1053/1530 train_time:503850ms step_avg:478.49ms
step:1054/1530 train_time:504728ms step_avg:478.87ms
step:1055/1530 train_time:505610ms step_avg:479.25ms
step:1056/1530 train_time:506487ms step_avg:479.63ms
step:1057/1530 train_time:507366ms step_avg:480.01ms
step:1058/1530 train_time:508244ms step_avg:480.38ms
step:1059/1530 train_time:509125ms step_avg:480.76ms
step:1060/1530 train_time:510003ms step_avg:481.14ms
step:1061/1530 train_time:510882ms step_avg:481.51ms
step:1062/1530 train_time:511761ms step_avg:481.88ms
step:1063/1530 train_time:512642ms step_avg:482.26ms
step:1064/1530 train_time:513521ms step_avg:482.63ms
step:1065/1530 train_time:514400ms step_avg:483.00ms
step:1066/1530 train_time:515280ms step_avg:483.38ms
step:1067/1530 train_time:516159ms step_avg:483.75ms
step:1068/1530 train_time:517039ms step_avg:484.12ms
step:1069/1530 train_time:517917ms step_avg:484.49ms
step:1070/1530 train_time:518796ms step_avg:484.86ms
step:1071/1530 train_time:519673ms step_avg:485.22ms
step:1072/1530 train_time:520553ms step_avg:485.59ms
step:1073/1530 train_time:521431ms step_avg:485.96ms
step:1074/1530 train_time:522308ms step_avg:486.32ms
step:1075/1530 train_time:523186ms step_avg:486.68ms
step:1076/1530 train_time:524064ms step_avg:487.05ms
step:1077/1530 train_time:524944ms step_avg:487.41ms
step:1078/1530 train_time:525826ms step_avg:487.78ms
step:1079/1530 train_time:526703ms step_avg:488.14ms
step:1080/1530 train_time:527583ms step_avg:488.50ms
step:1081/1530 train_time:528461ms step_avg:488.86ms
step:1082/1530 train_time:529341ms step_avg:489.22ms
step:1083/1530 train_time:530217ms step_avg:489.58ms
step:1084/1530 train_time:531099ms step_avg:489.94ms
step:1085/1530 train_time:531978ms step_avg:490.30ms
step:1086/1530 train_time:532858ms step_avg:490.66ms
step:1087/1530 train_time:533741ms step_avg:491.02ms
step:1088/1530 train_time:534621ms step_avg:491.38ms
step:1089/1530 train_time:535502ms step_avg:491.74ms
step:1090/1530 train_time:536380ms step_avg:492.09ms
step:1091/1530 train_time:537260ms step_avg:492.45ms
step:1092/1530 train_time:538139ms step_avg:492.80ms
step:1093/1530 train_time:539017ms step_avg:493.15ms
step:1094/1530 train_time:539895ms step_avg:493.51ms
step:1095/1530 train_time:540773ms step_avg:493.86ms
step:1096/1530 train_time:541654ms step_avg:494.21ms
step:1097/1530 train_time:542533ms step_avg:494.56ms
step:1098/1530 train_time:543413ms step_avg:494.91ms
step:1099/1530 train_time:544290ms step_avg:495.26ms
step:1100/1530 train_time:545171ms step_avg:495.61ms
step:1101/1530 train_time:546048ms step_avg:495.96ms
step:1102/1530 train_time:546928ms step_avg:496.30ms
step:1103/1530 train_time:547807ms step_avg:496.65ms
step:1104/1530 train_time:548687ms step_avg:497.00ms
step:1105/1530 train_time:549567ms step_avg:497.35ms
step:1106/1530 train_time:550445ms step_avg:497.69ms
step:1107/1530 train_time:551323ms step_avg:498.03ms
step:1108/1530 train_time:552202ms step_avg:498.38ms
step:1109/1530 train_time:553082ms step_avg:498.72ms
step:1110/1530 train_time:553962ms step_avg:499.06ms
step:1111/1530 train_time:554842ms step_avg:499.41ms
step:1112/1530 train_time:555722ms step_avg:499.75ms
step:1113/1530 train_time:556600ms step_avg:500.09ms
step:1114/1530 train_time:557479ms step_avg:500.43ms
step:1115/1530 train_time:558356ms step_avg:500.77ms
step:1116/1530 train_time:559235ms step_avg:501.11ms
step:1117/1530 train_time:560113ms step_avg:501.44ms
step:1118/1530 train_time:560992ms step_avg:501.78ms
step:1119/1530 train_time:561871ms step_avg:502.12ms
step:1120/1530 train_time:562753ms step_avg:502.46ms
step:1121/1530 train_time:563630ms step_avg:502.79ms
step:1122/1530 train_time:564512ms step_avg:503.13ms
step:1123/1530 train_time:565390ms step_avg:503.46ms
step:1124/1530 train_time:566270ms step_avg:503.80ms
step:1125/1530 train_time:567147ms step_avg:504.13ms
step:1126/1530 train_time:568026ms step_avg:504.46ms
step:1127/1530 train_time:568903ms step_avg:504.79ms
step:1128/1530 train_time:569784ms step_avg:505.13ms
step:1129/1530 train_time:570661ms step_avg:505.46ms
step:1130/1530 train_time:571540ms step_avg:505.79ms
step:1131/1530 train_time:572417ms step_avg:506.12ms
step:1132/1530 train_time:573297ms step_avg:506.45ms
step:1133/1530 train_time:574172ms step_avg:506.77ms
step:1134/1530 train_time:575053ms step_avg:507.10ms
step:1135/1530 train_time:575931ms step_avg:507.43ms
step:1136/1530 train_time:576811ms step_avg:507.76ms
step:1137/1530 train_time:577690ms step_avg:508.08ms
step:1138/1530 train_time:578570ms step_avg:508.41ms
step:1139/1530 train_time:579449ms step_avg:508.74ms
step:1140/1530 train_time:580333ms step_avg:509.06ms
step:1141/1530 train_time:581212ms step_avg:509.39ms
step:1142/1530 train_time:582091ms step_avg:509.71ms
step:1143/1530 train_time:582971ms step_avg:510.04ms
step:1144/1530 train_time:583851ms step_avg:510.36ms
step:1145/1530 train_time:584732ms step_avg:510.68ms
step:1146/1530 train_time:585612ms step_avg:511.01ms
step:1147/1530 train_time:586491ms step_avg:511.33ms
step:1148/1530 train_time:587370ms step_avg:511.65ms
step:1149/1530 train_time:588248ms step_avg:511.97ms
step:1150/1530 train_time:589126ms step_avg:512.28ms
step:1151/1530 train_time:590001ms step_avg:512.60ms
step:1152/1530 train_time:590881ms step_avg:512.92ms
step:1153/1530 train_time:591760ms step_avg:513.23ms
step:1154/1530 train_time:592640ms step_avg:513.55ms
step:1155/1530 train_time:593518ms step_avg:513.87ms
step:1156/1530 train_time:594396ms step_avg:514.18ms
step:1157/1530 train_time:595274ms step_avg:514.50ms
step:1158/1530 train_time:596154ms step_avg:514.81ms
step:1159/1530 train_time:597033ms step_avg:515.13ms
step:1160/1530 train_time:597913ms step_avg:515.44ms
step:1161/1530 train_time:598789ms step_avg:515.75ms
step:1162/1530 train_time:599669ms step_avg:516.07ms
step:1163/1530 train_time:600545ms step_avg:516.38ms
step:1164/1530 train_time:601426ms step_avg:516.69ms
step:1165/1530 train_time:602304ms step_avg:517.00ms
step:1166/1530 train_time:603183ms step_avg:517.31ms
step:1167/1530 train_time:604063ms step_avg:517.62ms
step:1168/1530 train_time:604942ms step_avg:517.93ms
step:1169/1530 train_time:605820ms step_avg:518.24ms
step:1170/1530 train_time:606698ms step_avg:518.55ms
step:1171/1530 train_time:607579ms step_avg:518.85ms
step:1172/1530 train_time:608459ms step_avg:519.16ms
step:1173/1530 train_time:609338ms step_avg:519.47ms
step:1174/1530 train_time:610216ms step_avg:519.77ms
step:1175/1530 train_time:611094ms step_avg:520.08ms
step:1176/1530 train_time:611975ms step_avg:520.39ms
step:1177/1530 train_time:612856ms step_avg:520.69ms
step:1178/1530 train_time:613737ms step_avg:521.00ms
step:1179/1530 train_time:614614ms step_avg:521.30ms
step:1180/1530 train_time:615493ms step_avg:521.60ms
step:1181/1530 train_time:616371ms step_avg:521.91ms
step:1182/1530 train_time:617251ms step_avg:522.21ms
step:1183/1530 train_time:618129ms step_avg:522.51ms
step:1184/1530 train_time:619008ms step_avg:522.81ms
step:1185/1530 train_time:619887ms step_avg:523.11ms
step:1186/1530 train_time:620765ms step_avg:523.41ms
step:1187/1530 train_time:621646ms step_avg:523.71ms
step:1188/1530 train_time:622523ms step_avg:524.01ms
step:1189/1530 train_time:623404ms step_avg:524.31ms
step:1190/1530 train_time:624285ms step_avg:524.61ms
step:1191/1530 train_time:625162ms step_avg:524.91ms
step:1192/1530 train_time:626043ms step_avg:525.20ms
step:1193/1530 train_time:626921ms step_avg:525.50ms
step:1194/1530 train_time:627803ms step_avg:525.80ms
step:1195/1530 train_time:628684ms step_avg:526.10ms
step:1196/1530 train_time:629564ms step_avg:526.39ms
step:1197/1530 train_time:630443ms step_avg:526.69ms
step:1198/1530 train_time:631321ms step_avg:526.98ms
step:1199/1530 train_time:632198ms step_avg:527.27ms
step:1200/1530 train_time:633076ms step_avg:527.56ms
step:1201/1530 train_time:633958ms step_avg:527.86ms
step:1202/1530 train_time:634837ms step_avg:528.15ms
step:1203/1530 train_time:635715ms step_avg:528.44ms
step:1204/1530 train_time:636594ms step_avg:528.73ms
step:1205/1530 train_time:637473ms step_avg:529.02ms
step:1206/1530 train_time:638353ms step_avg:529.31ms
step:1207/1530 train_time:639230ms step_avg:529.60ms
step:1208/1530 train_time:640111ms step_avg:529.89ms
step:1209/1530 train_time:640990ms step_avg:530.18ms
step:1210/1530 train_time:641871ms step_avg:530.47ms
step:1211/1530 train_time:642749ms step_avg:530.76ms
step:1212/1530 train_time:643629ms step_avg:531.05ms
step:1213/1530 train_time:644508ms step_avg:531.33ms
step:1214/1530 train_time:645386ms step_avg:531.62ms
step:1215/1530 train_time:646264ms step_avg:531.90ms
step:1216/1530 train_time:647145ms step_avg:532.19ms
step:1217/1530 train_time:648025ms step_avg:532.48ms
step:1218/1530 train_time:648905ms step_avg:532.76ms
step:1219/1530 train_time:649784ms step_avg:533.05ms
step:1220/1530 train_time:650664ms step_avg:533.33ms
step:1221/1530 train_time:651542ms step_avg:533.61ms
step:1222/1530 train_time:652420ms step_avg:533.90ms
step:1223/1530 train_time:653297ms step_avg:534.18ms
step:1224/1530 train_time:654177ms step_avg:534.46ms
step:1225/1530 train_time:655058ms step_avg:534.74ms
step:1226/1530 train_time:655939ms step_avg:535.02ms
step:1227/1530 train_time:656817ms step_avg:535.30ms
step:1228/1530 train_time:657695ms step_avg:535.58ms
step:1229/1530 train_time:658573ms step_avg:535.86ms
step:1230/1530 train_time:659452ms step_avg:536.14ms
step:1231/1530 train_time:660331ms step_avg:536.42ms
step:1232/1530 train_time:661209ms step_avg:536.70ms
step:1233/1530 train_time:662086ms step_avg:536.97ms
step:1234/1530 train_time:662964ms step_avg:537.25ms
step:1235/1530 train_time:663841ms step_avg:537.52ms
step:1236/1530 train_time:664722ms step_avg:537.80ms
step:1237/1530 train_time:665600ms step_avg:538.08ms
step:1238/1530 train_time:666480ms step_avg:538.35ms
step:1239/1530 train_time:667358ms step_avg:538.63ms
step:1240/1530 train_time:668237ms step_avg:538.90ms
step:1241/1530 train_time:669118ms step_avg:539.18ms
step:1242/1530 train_time:669995ms step_avg:539.45ms
step:1243/1530 train_time:670872ms step_avg:539.72ms
step:1244/1530 train_time:671751ms step_avg:539.99ms
step:1245/1530 train_time:672628ms step_avg:540.26ms
step:1246/1530 train_time:673508ms step_avg:540.54ms
step:1247/1530 train_time:674383ms step_avg:540.80ms
step:1248/1530 train_time:675264ms step_avg:541.08ms
step:1249/1530 train_time:676141ms step_avg:541.35ms
step:1250/1530 train_time:677021ms step_avg:541.62ms
step:1250/1530 val_loss[approx]:3.3930npt val_loss[exact]:1.0732bpb val_acc:28.17% train_time:677178ms step_avg:541.74ms
step:1251/1530 train_time:677904ms step_avg:541.89ms
step:1252/1530 train_time:678780ms step_avg:542.16ms
step:1253/1530 train_time:679657ms step_avg:542.42ms
step:1254/1530 train_time:680535ms step_avg:542.69ms
step:1255/1530 train_time:681416ms step_avg:542.96ms
step:1256/1530 train_time:682295ms step_avg:543.23ms
step:1257/1530 train_time:683174ms step_avg:543.50ms
step:1258/1530 train_time:684054ms step_avg:543.76ms
step:1259/1530 train_time:684935ms step_avg:544.03ms
step:1260/1530 train_time:685814ms step_avg:544.30ms
step:1261/1530 train_time:686693ms step_avg:544.56ms
step:1262/1530 train_time:687574ms step_avg:544.83ms
step:1263/1530 train_time:688452ms step_avg:545.09ms
step:1264/1530 train_time:689328ms step_avg:545.35ms
step:1265/1530 train_time:690210ms step_avg:545.62ms
step:1266/1530 train_time:691090ms step_avg:545.88ms
step:1267/1530 train_time:691967ms step_avg:546.15ms
step:1268/1530 train_time:692846ms step_avg:546.41ms
step:1269/1530 train_time:693725ms step_avg:546.67ms
step:1270/1530 train_time:694604ms step_avg:546.93ms
step:1271/1530 train_time:695483ms step_avg:547.19ms
step:1272/1530 train_time:696365ms step_avg:547.46ms
step:1273/1530 train_time:697241ms step_avg:547.71ms
step:1274/1530 train_time:698120ms step_avg:547.98ms
step:1275/1530 train_time:698999ms step_avg:548.23ms
step:1276/1530 train_time:699876ms step_avg:548.49ms
step:1277/1530 train_time:700756ms step_avg:548.75ms
step:1278/1530 train_time:701635ms step_avg:549.01ms
step:1279/1530 train_time:702514ms step_avg:549.27ms
step:1280/1530 train_time:703396ms step_avg:549.53ms
step:1281/1530 train_time:704275ms step_avg:549.79ms
step:1282/1530 train_time:705155ms step_avg:550.04ms
step:1283/1530 train_time:706033ms step_avg:550.30ms
step:1284/1530 train_time:706911ms step_avg:550.55ms
step:1285/1530 train_time:707789ms step_avg:550.81ms
step:1286/1530 train_time:708668ms step_avg:551.06ms
step:1287/1530 train_time:709547ms step_avg:551.32ms
step:1288/1530 train_time:710427ms step_avg:551.57ms
step:1289/1530 train_time:711307ms step_avg:551.83ms
step:1290/1530 train_time:712184ms step_avg:552.08ms
step:1291/1530 train_time:713062ms step_avg:552.33ms
step:1292/1530 train_time:713942ms step_avg:552.59ms
step:1293/1530 train_time:714820ms step_avg:552.84ms
step:1294/1530 train_time:715700ms step_avg:553.09ms
step:1295/1530 train_time:716577ms step_avg:553.34ms
step:1296/1530 train_time:717456ms step_avg:553.59ms
step:1297/1530 train_time:718334ms step_avg:553.84ms
step:1298/1530 train_time:719214ms step_avg:554.09ms
step:1299/1530 train_time:720094ms step_avg:554.34ms
step:1300/1530 train_time:720976ms step_avg:554.60ms
step:1301/1530 train_time:721857ms step_avg:554.85ms
step:1302/1530 train_time:722736ms step_avg:555.10ms
step:1303/1530 train_time:723615ms step_avg:555.35ms
step:1304/1530 train_time:724494ms step_avg:555.59ms
step:1305/1530 train_time:725374ms step_avg:555.84ms
step:1306/1530 train_time:726253ms step_avg:556.09ms
step:1307/1530 train_time:727131ms step_avg:556.34ms
step:1308/1530 train_time:728013ms step_avg:556.58ms
step:1309/1530 train_time:728889ms step_avg:556.83ms
step:1310/1530 train_time:729767ms step_avg:557.07ms
step:1311/1530 train_time:730646ms step_avg:557.32ms
step:1312/1530 train_time:731523ms step_avg:557.56ms
step:1313/1530 train_time:732400ms step_avg:557.81ms
step:1314/1530 train_time:733282ms step_avg:558.05ms
step:1315/1530 train_time:734159ms step_avg:558.30ms
step:1316/1530 train_time:735040ms step_avg:558.54ms
step:1317/1530 train_time:735916ms step_avg:558.78ms
step:1318/1530 train_time:736796ms step_avg:559.03ms
step:1319/1530 train_time:737674ms step_avg:559.27ms
step:1320/1530 train_time:738554ms step_avg:559.51ms
step:1321/1530 train_time:739432ms step_avg:559.75ms
step:1322/1530 train_time:740311ms step_avg:559.99ms
step:1323/1530 train_time:741188ms step_avg:560.23ms
step:1324/1530 train_time:742067ms step_avg:560.47ms
step:1325/1530 train_time:742946ms step_avg:560.71ms
step:1326/1530 train_time:743825ms step_avg:560.95ms
step:1327/1530 train_time:744704ms step_avg:561.19ms
step:1328/1530 train_time:745585ms step_avg:561.43ms
step:1329/1530 train_time:746462ms step_avg:561.67ms
step:1330/1530 train_time:747342ms step_avg:561.91ms
step:1331/1530 train_time:748222ms step_avg:562.15ms
step:1332/1530 train_time:749100ms step_avg:562.39ms
step:1333/1530 train_time:749979ms step_avg:562.62ms
step:1334/1530 train_time:750857ms step_avg:562.86ms
step:1335/1530 train_time:751736ms step_avg:563.10ms
step:1336/1530 train_time:752615ms step_avg:563.33ms
step:1337/1530 train_time:753495ms step_avg:563.57ms
step:1338/1530 train_time:754376ms step_avg:563.81ms
step:1339/1530 train_time:755252ms step_avg:564.04ms
step:1340/1530 train_time:756130ms step_avg:564.28ms
step:1341/1530 train_time:757008ms step_avg:564.51ms
step:1342/1530 train_time:757888ms step_avg:564.74ms
step:1343/1530 train_time:758765ms step_avg:564.98ms
step:1344/1530 train_time:759642ms step_avg:565.21ms
step:1345/1530 train_time:760520ms step_avg:565.44ms
step:1346/1530 train_time:761400ms step_avg:565.68ms
step:1347/1530 train_time:762279ms step_avg:565.91ms
step:1348/1530 train_time:763158ms step_avg:566.14ms
step:1349/1530 train_time:764034ms step_avg:566.37ms
step:1350/1530 train_time:764915ms step_avg:566.60ms
step:1351/1530 train_time:765794ms step_avg:566.83ms
step:1352/1530 train_time:766674ms step_avg:567.07ms
step:1353/1530 train_time:767554ms step_avg:567.30ms
step:1354/1530 train_time:768433ms step_avg:567.53ms
step:1355/1530 train_time:769309ms step_avg:567.76ms
step:1356/1530 train_time:770188ms step_avg:567.99ms
step:1357/1530 train_time:771064ms step_avg:568.21ms
step:1358/1530 train_time:771942ms step_avg:568.44ms
step:1359/1530 train_time:772822ms step_avg:568.67ms
step:1360/1530 train_time:773699ms step_avg:568.90ms
step:1361/1530 train_time:774577ms step_avg:569.12ms
step:1362/1530 train_time:775457ms step_avg:569.35ms
step:1363/1530 train_time:776336ms step_avg:569.58ms
step:1364/1530 train_time:777217ms step_avg:569.81ms
step:1365/1530 train_time:778097ms step_avg:570.03ms
step:1366/1530 train_time:778974ms step_avg:570.26ms
step:1367/1530 train_time:779852ms step_avg:570.48ms
step:1368/1530 train_time:780731ms step_avg:570.71ms
step:1369/1530 train_time:781608ms step_avg:570.93ms
step:1370/1530 train_time:782488ms step_avg:571.16ms
step:1371/1530 train_time:783367ms step_avg:571.38ms
step:1372/1530 train_time:784244ms step_avg:571.61ms
step:1373/1530 train_time:785122ms step_avg:571.83ms
step:1374/1530 train_time:786002ms step_avg:572.05ms
step:1375/1530 train_time:786879ms step_avg:572.28ms
step:1376/1530 train_time:787757ms step_avg:572.50ms
step:1377/1530 train_time:788635ms step_avg:572.72ms
step:1378/1530 train_time:789515ms step_avg:572.94ms
step:1379/1530 train_time:790394ms step_avg:573.16ms
step:1380/1530 train_time:791273ms step_avg:573.39ms
step:1381/1530 train_time:792150ms step_avg:573.61ms
step:1382/1530 train_time:793029ms step_avg:573.83ms
step:1383/1530 train_time:793908ms step_avg:574.05ms
step:1384/1530 train_time:794788ms step_avg:574.27ms
step:1385/1530 train_time:795666ms step_avg:574.49ms
step:1386/1530 train_time:796542ms step_avg:574.71ms
step:1387/1530 train_time:797422ms step_avg:574.93ms
step:1388/1530 train_time:798303ms step_avg:575.15ms
step:1389/1530 train_time:799178ms step_avg:575.36ms
step:1390/1530 train_time:800059ms step_avg:575.58ms
step:1391/1530 train_time:800937ms step_avg:575.80ms
step:1392/1530 train_time:801817ms step_avg:576.02ms
step:1393/1530 train_time:802696ms step_avg:576.24ms
step:1394/1530 train_time:803574ms step_avg:576.45ms
step:1395/1530 train_time:804451ms step_avg:576.67ms
step:1396/1530 train_time:805329ms step_avg:576.88ms
step:1397/1530 train_time:806205ms step_avg:577.10ms
step:1398/1530 train_time:807083ms step_avg:577.31ms
step:1399/1530 train_time:807961ms step_avg:577.53ms
step:1400/1530 train_time:808841ms step_avg:577.74ms
step:1401/1530 train_time:809719ms step_avg:577.96ms
step:1402/1530 train_time:810598ms step_avg:578.17ms
step:1403/1530 train_time:811477ms step_avg:578.39ms
step:1404/1530 train_time:812355ms step_avg:578.60ms
step:1405/1530 train_time:813236ms step_avg:578.82ms
step:1406/1530 train_time:814116ms step_avg:579.03ms
step:1407/1530 train_time:814995ms step_avg:579.24ms
step:1408/1530 train_time:815876ms step_avg:579.46ms
step:1409/1530 train_time:816754ms step_avg:579.67ms
step:1410/1530 train_time:817634ms step_avg:579.88ms
step:1411/1530 train_time:818511ms step_avg:580.09ms
step:1412/1530 train_time:819390ms step_avg:580.30ms
step:1413/1530 train_time:820269ms step_avg:580.52ms
step:1414/1530 train_time:821148ms step_avg:580.73ms
step:1415/1530 train_time:822025ms step_avg:580.94ms
step:1416/1530 train_time:822903ms step_avg:581.15ms
step:1417/1530 train_time:823782ms step_avg:581.36ms
step:1418/1530 train_time:824662ms step_avg:581.57ms
step:1419/1530 train_time:825540ms step_avg:581.78ms
step:1420/1530 train_time:826419ms step_avg:581.99ms
step:1421/1530 train_time:827299ms step_avg:582.20ms
step:1422/1530 train_time:828181ms step_avg:582.41ms
step:1423/1530 train_time:829061ms step_avg:582.62ms
step:1424/1530 train_time:829941ms step_avg:582.82ms
step:1425/1530 train_time:830819ms step_avg:583.03ms
step:1426/1530 train_time:831697ms step_avg:583.24ms
step:1427/1530 train_time:832577ms step_avg:583.45ms
step:1428/1530 train_time:833456ms step_avg:583.65ms
step:1429/1530 train_time:834334ms step_avg:583.86ms
step:1430/1530 train_time:835214ms step_avg:584.07ms
step:1431/1530 train_time:836092ms step_avg:584.27ms
step:1432/1530 train_time:836973ms step_avg:584.48ms
step:1433/1530 train_time:837853ms step_avg:584.68ms
step:1434/1530 train_time:838731ms step_avg:584.89ms
step:1435/1530 train_time:839608ms step_avg:585.09ms
step:1436/1530 train_time:840488ms step_avg:585.30ms
step:1437/1530 train_time:841365ms step_avg:585.50ms
step:1438/1530 train_time:842246ms step_avg:585.71ms
step:1439/1530 train_time:843124ms step_avg:585.91ms
step:1440/1530 train_time:844005ms step_avg:586.11ms
step:1441/1530 train_time:844884ms step_avg:586.32ms
step:1442/1530 train_time:845761ms step_avg:586.52ms
step:1443/1530 train_time:846640ms step_avg:586.72ms
step:1444/1530 train_time:847520ms step_avg:586.93ms
step:1445/1530 train_time:848398ms step_avg:587.13ms
step:1446/1530 train_time:849277ms step_avg:587.33ms
step:1447/1530 train_time:850157ms step_avg:587.53ms
step:1448/1530 train_time:851035ms step_avg:587.73ms
step:1449/1530 train_time:851913ms step_avg:587.93ms
step:1450/1530 train_time:852795ms step_avg:588.13ms
step:1451/1530 train_time:853673ms step_avg:588.33ms
step:1452/1530 train_time:854550ms step_avg:588.53ms
step:1453/1530 train_time:855429ms step_avg:588.73ms
step:1454/1530 train_time:856309ms step_avg:588.93ms
step:1455/1530 train_time:857189ms step_avg:589.13ms
step:1456/1530 train_time:858069ms step_avg:589.33ms
step:1457/1530 train_time:858947ms step_avg:589.53ms
step:1458/1530 train_time:859828ms step_avg:589.73ms
step:1459/1530 train_time:860706ms step_avg:589.93ms
step:1460/1530 train_time:861587ms step_avg:590.13ms
step:1461/1530 train_time:862464ms step_avg:590.32ms
step:1462/1530 train_time:863343ms step_avg:590.52ms
step:1463/1530 train_time:864222ms step_avg:590.72ms
step:1464/1530 train_time:865103ms step_avg:590.92ms
step:1465/1530 train_time:865979ms step_avg:591.11ms
step:1466/1530 train_time:866858ms step_avg:591.31ms
step:1467/1530 train_time:867737ms step_avg:591.50ms
step:1468/1530 train_time:868618ms step_avg:591.70ms
step:1469/1530 train_time:869494ms step_avg:591.90ms
step:1470/1530 train_time:870374ms step_avg:592.09ms
step:1471/1530 train_time:871251ms step_avg:592.28ms
step:1472/1530 train_time:872130ms step_avg:592.48ms
step:1473/1530 train_time:873008ms step_avg:592.67ms
step:1474/1530 train_time:873888ms step_avg:592.87ms
step:1475/1530 train_time:874766ms step_avg:593.06ms
step:1476/1530 train_time:875646ms step_avg:593.26ms
step:1477/1530 train_time:876525ms step_avg:593.45ms
step:1478/1530 train_time:877404ms step_avg:593.64ms
step:1479/1530 train_time:878284ms step_avg:593.84ms
step:1480/1530 train_time:879161ms step_avg:594.03ms
step:1481/1530 train_time:880040ms step_avg:594.22ms
step:1482/1530 train_time:880920ms step_avg:594.41ms
step:1483/1530 train_time:881800ms step_avg:594.61ms
step:1484/1530 train_time:882679ms step_avg:594.80ms
step:1485/1530 train_time:883558ms step_avg:594.99ms
step:1486/1530 train_time:884437ms step_avg:595.18ms
step:1487/1530 train_time:885317ms step_avg:595.37ms
step:1488/1530 train_time:886196ms step_avg:595.56ms
step:1489/1530 train_time:887077ms step_avg:595.75ms
step:1490/1530 train_time:887956ms step_avg:595.94ms
step:1491/1530 train_time:888844ms step_avg:596.14ms
step:1492/1530 train_time:889727ms step_avg:596.33ms
step:1493/1530 train_time:890608ms step_avg:596.52ms
step:1494/1530 train_time:891493ms step_avg:596.72ms
step:1495/1530 train_time:892377ms step_avg:596.91ms
step:1496/1530 train_time:893264ms step_avg:597.10ms
step:1497/1530 train_time:894147ms step_avg:597.29ms
step:1498/1530 train_time:895031ms step_avg:597.48ms
step:1499/1530 train_time:895918ms step_avg:597.68ms
step:1500/1530 train_time:896801ms step_avg:597.87ms
step:1500/1530 val_loss[approx]:3.2922npt val_loss[exact]:1.0413bpb val_acc:29.31% train_time:896957ms step_avg:597.97ms
step:1501/1530 train_time:897682ms step_avg:598.06ms
step:1502/1530 train_time:898565ms step_avg:598.25ms
step:1503/1530 train_time:899447ms step_avg:598.43ms
step:1504/1530 train_time:900332ms step_avg:598.62ms
step:1505/1530 train_time:901216ms step_avg:598.81ms
step:1506/1530 train_time:902102ms step_avg:599.01ms
step:1507/1530 train_time:902982ms step_avg:599.19ms
step:1508/1530 train_time:903867ms step_avg:599.38ms
step:1509/1530 train_time:904751ms step_avg:599.57ms
step:1510/1530 train_time:905634ms step_avg:599.76ms
step:1511/1530 train_time:906516ms step_avg:599.94ms
step:1512/1530 train_time:907405ms step_avg:600.14ms
step:1513/1530 train_time:908289ms step_avg:600.32ms
step:1514/1530 train_time:909171ms step_avg:600.51ms
step:1515/1530 train_time:910050ms step_avg:600.69ms
step:1516/1530 train_time:910935ms step_avg:600.88ms
step:1517/1530 train_time:911819ms step_avg:601.07ms
[rank0]: Traceback (most recent call last):
[rank0]:   File "/modded-nanogpt/train_gpt_tokenmonster.py", line 1513, in distributed_data_generator
[rank0]:     seq_starts, seq_ends = shard.next_batch(num_tokens_local, max_seq_len)
[rank0]:                            ^^^^^^^^^^^^^^^^^^^^^^^^^^^^^^^^^^^^^^^^^^^^^^^
[rank0]:   File "/modded-nanogpt/train_gpt_tokenmonster.py", line 1440, in next_batch
[rank0]:     raise StopIteration(f"Insufficient BOS ahead; hit tail of shard.")
[rank0]: StopIteration: Insufficient BOS ahead; hit tail of shard.

[rank0]: During handling of the above exception, another exception occurred:

[rank0]: Traceback (most recent call last):
[rank0]:   File "/modded-nanogpt/train_gpt_tokenmonster.py", line 2034, in <module>
[rank0]:     inputs, targets, cum_seqlens, bigram_inputs, bigram_cpu = train_loader.send(training_manager.train_loader_send_args)
[rank0]:                                                               ^^^^^^^^^^^^^^^^^^^^^^^^^^^^^^^^^^^^^^^^^^^^^^^^^^^^^^^^^^
[rank0]:   File "/modded-nanogpt/train_gpt_tokenmonster.py", line 1517, in distributed_data_generator
[rank0]:     shard = next_shard_getter()
[rank0]:             ^^^^^^^^^^^^^^^^^^^
[rank0]: TypeError: 'NoneType' object is not callable
[rank0]:[W411 09:12:36.946128767 ProcessGroupNCCL.cpp:1553] Warning: WARNING: destroy_process_group() was not called before program exit, which can leak resources. For more info, please see https://pytorch.org/docs/stable/distributed.html#shutdown (function operator())
E0411 09:12:41.241000 122 torch/distributed/elastic/multiprocessing/api.py:984] failed (exitcode: 1) local_rank: 0 (pid: 146) of binary: /modded-nanogpt/.venv/bin/python
Traceback (most recent call last):
  File "/modded-nanogpt/.venv/bin/torchrun", line 10, in <module>
    sys.exit(main())
             ^^^^^^
  File "/modded-nanogpt/.venv/lib/python3.12/site-packages/torch/distributed/elastic/multiprocessing/errors/__init__.py", line 362, in wrapper
    return f(*args, **kwargs)
           ^^^^^^^^^^^^^^^^^^
  File "/modded-nanogpt/.venv/lib/python3.12/site-packages/torch/distributed/run.py", line 991, in main
    run(args)
  File "/modded-nanogpt/.venv/lib/python3.12/site-packages/torch/distributed/run.py", line 982, in run
    elastic_launch(
  File "/modded-nanogpt/.venv/lib/python3.12/site-packages/torch/distributed/launcher/api.py", line 170, in __call__
    return launch_agent(self._config, self._entrypoint, list(args))
           ^^^^^^^^^^^^^^^^^^^^^^^^^^^^^^^^^^^^^^^^^^^^^^^^^^^^^^^^
  File "/modded-nanogpt/.venv/lib/python3.12/site-packages/torch/distributed/launcher/api.py", line 317, in launch_agent
    raise ChildFailedError(
torch.distributed.elastic.multiprocessing.errors.ChildFailedError:
============================================================
train_gpt_tokenmonster.py FAILED
------------------------------------------------------------
Failures:
  <NO_OTHER_FAILURES>
------------------------------------------------------------
Root Cause (first observed failure):
[0]:
  time      : 2026-04-11_09:12:41
  host      : 3445f981dd33
  rank      : 0 (local_rank: 0)
  exitcode  : 1 (pid: 146)
  error_file: <N/A>
  traceback : To enable traceback see: https://pytorch.org/docs/stable/elastic/errors.html
